******************************************************************************
                  MSP430 Linker PC v4.3.3                      
******************************************************************************
>> Linked Fri Dec 11 20:00:50 2015

OUTPUT FILE NAME:   <UART_EX.out>
ENTRY POINT SYMBOL: "_c_int00"  address: 0000c604


MEMORY CONFIGURATION

         name            origin    length      used     unused   attr    fill
----------------------  --------  ---------  --------  --------  ----  --------
  SFR                   00000000   00000010  00000000  00000010  RWIX
  PERIPHERALS_8BIT      00000010   000000f0  00000000  000000f0  RWIX
  PERIPHERALS_16BIT     00000100   00000100  00000000  00000100  RWIX
  RAM                   00000200   00000200  00000074  0000018c  RWIX
  INFOD                 00001000   00000040  00000000  00000040  RWIX
  INFOC                 00001040   00000040  00000000  00000040  RWIX
  INFOB                 00001080   00000040  00000000  00000040  RWIX
  INFOA                 000010c0   00000040  00000000  00000040  RWIX
  FLASH                 0000c000   00003fe0  00000794  0000384c  RWIX
  INT00                 0000ffe0   00000002  00000000  00000002  RWIX
  INT01                 0000ffe2   00000002  00000000  00000002  RWIX
  INT02                 0000ffe4   00000002  00000002  00000000  RWIX
  INT03                 0000ffe6   00000002  00000002  00000000  RWIX
  INT04                 0000ffe8   00000002  00000000  00000002  RWIX
  INT05                 0000ffea   00000002  00000002  00000000  RWIX
  INT06                 0000ffec   00000002  00000002  00000000  RWIX
  INT07                 0000ffee   00000002  00000002  00000000  RWIX
  INT08                 0000fff0   00000002  00000002  00000000  RWIX
  INT09                 0000fff2   00000002  00000002  00000000  RWIX
  INT10                 0000fff4   00000002  00000002  00000000  RWIX
  INT11                 0000fff6   00000002  00000002  00000000  RWIX
  INT12                 0000fff8   00000002  00000002  00000000  RWIX
  INT13                 0000fffa   00000002  00000002  00000000  RWIX
  INT14                 0000fffc   00000002  00000002  00000000  RWIX
  RESET                 0000fffe   00000002  00000002  00000000  RWIX


SECTION ALLOCATION MAP

 output                                  attributes/
section   page    origin      length       input sections
--------  ----  ----------  ----------   ----------------
.init_array 
*          0    0000c000    00000000     UNINITIALIZED

.bss       0    00000200    0000001e     UNINITIALIZED
                  00000200    00000014     (.common:cbuffer)
                  00000214    00000002     (.common:conPrintCounter)
                  00000216    00000002     (.common:conPrintSequence)
                  00000218    00000002     (.common:latest_result)
                  0000021a    00000002     (.common:tx_count)
                  0000021c    00000002     (.common:tx_next_character)

.TI.noinit 
*          0    00000200    00000000     UNINITIALIZED

.data      0    0000021e    00000006     UNINITIALIZED
                  0000021e    00000006     main.obj (.data)

.TI.persistent 
*          0    0000021e    00000000     UNINITIALIZED

.stack     0    000003b0    00000050     UNINITIALIZED
                  000003b0    00000002     rts430_eabi.lib : boot.obj (.stack)
                  000003b2    0000004e     --HOLE--

.text      0    0000c000    0000072e     
                  0000c000    00000116     rts430_eabi.lib : _printfi_min.obj (.text:_setfield)
                  0000c116    000000ca                     : _printfi_min.obj (.text:__TI_printfi_minimal)
                  0000c1e0    00000068     main.obj (.text:adc_handler)
                  0000c248    00000068     main.obj (.text:main)
                  0000c2b0    0000005e     rts430_eabi.lib : copy_decompress_rle.obj (.text:__TI_decompress_rle_core)
                  0000c30e    0000005e                     : autoinit.obj (.text:_auto_init)
                  0000c36c    00000056                     : _printfi_min.obj (.text:_ltostr)
                  0000c3c2    00000056                     : snprintf.obj (.text:snprintf)
                  0000c418    0000004e                     : _printfi_min.obj (.text:_pproc_diouxp)
                  0000c466    0000004c                     : lsr16.obj (.text)
                  0000c4b2    00000048                     : _printfi_min.obj (.text:_pproc_str)
                  0000c4fa    00000036                     : snprintf.obj (.text:_outs)
                  0000c530    0000002e                     : _printfi_min.obj (.text:_getarg_diouxp)
                  0000c55e    00000028     uart_out.obj (.text:tx_handler)
                  0000c586    00000026     uart_out.obj (.text:init_USCI_UART)
                  0000c5ac    0000001e     rts430_eabi.lib : snprintf.obj (.text:_outc)
                  0000c5ca    0000001e     uart_out.obj (.text:u_print_string)
                  0000c5e8    0000001c     rts430_eabi.lib : memccpy.obj (.text:memccpy)
                  0000c604    0000001a                     : boot.obj (.text:_c_int00_noexit)
                  0000c61e    0000001a     uart_out.obj (.text:tx_start)
                  0000c638    00000018     rts430_eabi.lib : _printfi_min.obj (.text:_div)
                  0000c650    00000016                     : div16u.obj (.text)
                  0000c666    00000014                     : copy_zero_init.obj (.text:decompress:ZI:__TI_zero_init)
                  0000c67a    00000014     main.obj (.text:init_adc)
                  0000c68e    00000014     rts430_eabi.lib : memset.obj (.text:memset)
                  0000c6a2    00000014                     : mult16.obj (.text)
                  0000c6b6    00000014     uart_out.obj (.text:tx_start_string)
                  0000c6ca    00000012     rts430_eabi.lib : copy_decompress_none.obj (.text:decompress:none:__TI_decompress_none)
                  0000c6dc    00000012                     : memcpy.obj (.text:memcpy)
                  0000c6ee    00000010                     : epilog.obj (.text)
                  0000c6fe    0000000e                     : strlen.obj (.text:strlen)
                  0000c70c    00000008     main.obj (.text:init_wdt_no_interrupt)
                  0000c714    00000006     main.obj (.text:WDT_interval_handler)
                  0000c71a    00000006     rts430_eabi.lib : isr_trap.obj (.text:__TI_ISR_TRAP)
                  0000c720    00000006                     : copy_decompress_rle.obj (.text:decompress:rle24:__TI_decompress_rle24)
                  0000c726    00000004                     : pre_init.obj (.text:_system_pre_init)
                  0000c72a    00000004                     : exit.obj (.text:abort)

.const     0    0000c72e    0000004a     
                  0000c72e    00000036     main.obj (.const:.string)
                  0000c764    00000014     rts430_eabi.lib : _printfi_min.obj (.const:.string)

.cinit     0    0000c778    0000001c     
                  0000c778    0000000a     (.cinit..data.load) [load image]
                  0000c782    00000006     (__TI_handler_table)
                  0000c788    00000004     (.cinit..bss.load) [load image, compression = zero_init]
                  0000c78c    00000008     (__TI_cinit_table)

PORT1      0    0000ffe4    00000002     
                  0000ffe4    00000002     rts430_eabi.lib : int02.obj (.int02)

PORT2      0    0000ffe6    00000002     
                  0000ffe6    00000002     rts430_eabi.lib : int03.obj (.int03)

ADC10      0    0000ffea    00000002     
                  0000ffea    00000002     main.obj (.int05)

USCIAB0TX 
*          0    0000ffec    00000002     
                  0000ffec    00000002     uart_out.obj (.int06)

USCIAB0RX 
*          0    0000ffee    00000002     
                  0000ffee    00000002     rts430_eabi.lib : int07.obj (.int07)

TIMER0_A1 
*          0    0000fff0    00000002     
                  0000fff0    00000002     rts430_eabi.lib : int08.obj (.int08)

TIMER0_A0 
*          0    0000fff2    00000002     
                  0000fff2    00000002     rts430_eabi.lib : int09.obj (.int09)

WDT        0    0000fff4    00000002     
                  0000fff4    00000002     main.obj (.int10)

COMPARATORA 
*          0    0000fff6    00000002     
                  0000fff6    00000002     rts430_eabi.lib : int11.obj (.int11)

TIMER1_A1 
*          0    0000fff8    00000002     
                  0000fff8    00000002     rts430_eabi.lib : int12.obj (.int12)

TIMER1_A0 
*          0    0000fffa    00000002     
                  0000fffa    00000002     rts430_eabi.lib : int13.obj (.int13)

NMI        0    0000fffc    00000002     
                  0000fffc    00000002     rts430_eabi.lib : int14.obj (.int14)

.reset     0    0000fffe    00000002     
                  0000fffe    00000002     rts430_eabi.lib : boot.obj (.reset)


LINKER GENERATED COPY TABLES

__TI_cinit_table @ 0000c78c records: 2, size/record: 4, table size: 8
	.data: load addr=0000c778, load size=0000000a bytes, run addr=0000021e, run size=00000006 bytes, compression=copy
	.bss: load addr=0000c788, load size=00000004 bytes, run addr=00000200, run size=0000001e bytes, compression=zero_init


LINKER GENERATED HANDLER TABLE

__TI_handler_table @ 0000c782 records: 3, size/record: 2, table size: 6
	index: 0, handler: __TI_zero_init
	index: 1, handler: __TI_decompress_rle24
	index: 2, handler: __TI_decompress_none


GLOBAL SYMBOLS: SORTED ALPHABETICALLY BY Name 

address    name
--------   ----
0000004a   ADC10AE0
000001b0   ADC10CTL0
000001b2   ADC10CTL1
00000048   ADC10DTC0
00000049   ADC10DTC1
000001b4   ADC10MEM
000001bc   ADC10SA
00000057   BCSCTL1
00000058   BCSCTL2
00000053   BCSCTL3
0000c72a   C$$EXIT
00000059   CACTL1
0000005a   CACTL2
000010fb   CALBC1_12MHZ
000010f9   CALBC1_16MHZ
000010ff   CALBC1_1MHZ
000010fd   CALBC1_8MHZ
000010fa   CALDCO_12MHZ
000010f8   CALDCO_16MHZ
000010fe   CALDCO_1MHZ
000010fc   CALDCO_8MHZ
0000005b   CAPD
00000056   DCOCTL
00000128   FCTL1
0000012a   FCTL2
0000012c   FCTL3
00000000   IE1
00000001   IE2
00000002   IFG1
00000003   IFG2
00000022   P1DIR
00000025   P1IE
00000024   P1IES
00000023   P1IFG
00000020   P1IN
00000021   P1OUT
00000027   P1REN
00000026   P1SEL
00000041   P1SEL2
0000002a   P2DIR
0000002d   P2IE
0000002c   P2IES
0000002b   P2IFG
00000028   P2IN
00000029   P2OUT
0000002f   P2REN
0000002e   P2SEL
00000042   P2SEL2
0000001a   P3DIR
00000018   P3IN
00000019   P3OUT
00000010   P3REN
0000001b   P3SEL
00000043   P3SEL2
00000172   TA0CCR0
00000174   TA0CCR1
00000176   TA0CCR2
00000162   TA0CCTL0
00000164   TA0CCTL1
00000166   TA0CCTL2
00000160   TA0CTL
0000012e   TA0IV
00000170   TA0R
00000192   TA1CCR0
00000194   TA1CCR1
00000196   TA1CCR2
00000182   TA1CCTL0
00000184   TA1CCTL1
00000186   TA1CCTL2
00000180   TA1CTL
0000011e   TA1IV
00000190   TA1R
000010db   TLV_ADC10_1_LEN
000010da   TLV_ADC10_1_TAG
000010c0   TLV_CHECKSUM
000010f7   TLV_DCO_30_LEN
000010f6   TLV_DCO_30_TAG
0000005d   UCA0ABCTL
00000062   UCA0BR0
00000063   UCA0BR1
00000060   UCA0CTL0
00000061   UCA0CTL1
0000005f   UCA0IRRCTL
0000005e   UCA0IRTCTL
00000064   UCA0MCTL
00000066   UCA0RXBUF
00000065   UCA0STAT
00000067   UCA0TXBUF
0000006a   UCB0BR0
0000006b   UCB0BR1
00000068   UCB0CTL0
00000069   UCB0CTL1
0000006c   UCB0I2CIE
00000118   UCB0I2COA
0000011a   UCB0I2CSA
0000006e   UCB0RXBUF
0000006d   UCB0STAT
0000006f   UCB0TXBUF
00000120   WDTCTL
0000c714   WDT_interval_handler
0000fff4   WDT_interval_handler_ptr
00000400   __STACK_END
00000050   __STACK_SIZE
0000c78c   __TI_CINIT_Base
0000c794   __TI_CINIT_Limit
0000c782   __TI_Handler_Table_Base
0000c788   __TI_Handler_Table_Limit
UNDEFED    __TI_INITARRAY_Base
UNDEFED    __TI_INITARRAY_Limit
0000c71a   __TI_ISR_TRAP
00000001   __TI_args_main
0000c6ca   __TI_decompress_none
0000c720   __TI_decompress_rle24
00000001   __TI_exit
0000ffe4   __TI_int02
0000ffe6   __TI_int03
0000ffea   __TI_int05
0000ffec   __TI_int06
0000ffee   __TI_int07
0000fff0   __TI_int08
0000fff2   __TI_int09
0000fff4   __TI_int10
0000fff6   __TI_int11
0000fff8   __TI_int12
0000fffa   __TI_int13
0000fffc   __TI_int14
0000c116   __TI_printfi_minimal
0000c666   __TI_zero_init
ffffffff   __binit__
ffffffff   __c_args__
0000c650   __mspabi_divu
0000c6fa   __mspabi_func_epilog_1
0000c6f8   __mspabi_func_epilog_2
0000c6f6   __mspabi_func_epilog_3
0000c6f4   __mspabi_func_epilog_4
0000c6f2   __mspabi_func_epilog_5
0000c6f0   __mspabi_func_epilog_6
0000c6ee   __mspabi_func_epilog_7
0000c6a2   __mspabi_mpyi
0000c650   __mspabi_remu
0000c466   __mspabi_srli
0000c4ac   __mspabi_srli_1
0000c488   __mspabi_srli_10
0000c484   __mspabi_srli_11
0000c480   __mspabi_srli_12
0000c47c   __mspabi_srli_13
0000c478   __mspabi_srli_14
0000c474   __mspabi_srli_15
0000c4a8   __mspabi_srli_2
0000c4a4   __mspabi_srli_3
0000c4a0   __mspabi_srli_4
0000c49c   __mspabi_srli_5
0000c498   __mspabi_srli_6
0000c494   __mspabi_srli_7
0000c490   __mspabi_srli_8
0000c48c   __mspabi_srli_9
0000c30e   _auto_init
0000c604   _c_int00
0000c604   _c_int00_noexit
0000fffe   _reset_vector
000003b0   _stack
0000c726   _system_pre_init
0000c72a   abort
0000c1e0   adc_handler
0000ffea   adc_handler_ptr
ffffffff   binit
00000200   cbuffer
00000222   conPrint
00000214   conPrintCounter
00000216   conPrintSequence
0000021e   conversion_count
0000c586   init_USCI_UART
0000c67a   init_adc
0000c70c   init_wdt_no_interrupt
00000218   latest_result
0000c248   main
0000c5e8   memccpy
0000c6dc   memcpy
0000c68e   memset
0000c3c2   snprintf
0000c6fe   strlen
0000021a   tx_count
0000c55e   tx_handler
0000ffec   tx_handler_ptr
0000021c   tx_next_character
0000c61e   tx_start
0000c6b6   tx_start_string
0000c5ca   u_print_string


GLOBAL SYMBOLS: SORTED BY Symbol Address 

address    name
--------   ----
00000000   IE1
00000001   IE2
00000001   __TI_args_main
00000001   __TI_exit
00000002   IFG1
00000003   IFG2
00000010   P3REN
00000018   P3IN
00000019   P3OUT
0000001a   P3DIR
0000001b   P3SEL
00000020   P1IN
00000021   P1OUT
00000022   P1DIR
00000023   P1IFG
00000024   P1IES
00000025   P1IE
00000026   P1SEL
00000027   P1REN
00000028   P2IN
00000029   P2OUT
0000002a   P2DIR
0000002b   P2IFG
0000002c   P2IES
0000002d   P2IE
0000002e   P2SEL
0000002f   P2REN
00000041   P1SEL2
00000042   P2SEL2
00000043   P3SEL2
00000048   ADC10DTC0
00000049   ADC10DTC1
0000004a   ADC10AE0
00000050   __STACK_SIZE
00000053   BCSCTL3
00000056   DCOCTL
00000057   BCSCTL1
00000058   BCSCTL2
00000059   CACTL1
0000005a   CACTL2
0000005b   CAPD
0000005d   UCA0ABCTL
0000005e   UCA0IRTCTL
0000005f   UCA0IRRCTL
00000060   UCA0CTL0
00000061   UCA0CTL1
00000062   UCA0BR0
00000063   UCA0BR1
00000064   UCA0MCTL
00000065   UCA0STAT
00000066   UCA0RXBUF
00000067   UCA0TXBUF
00000068   UCB0CTL0
00000069   UCB0CTL1
0000006a   UCB0BR0
0000006b   UCB0BR1
0000006c   UCB0I2CIE
0000006d   UCB0STAT
0000006e   UCB0RXBUF
0000006f   UCB0TXBUF
00000118   UCB0I2COA
0000011a   UCB0I2CSA
0000011e   TA1IV
00000120   WDTCTL
00000128   FCTL1
0000012a   FCTL2
0000012c   FCTL3
0000012e   TA0IV
00000160   TA0CTL
00000162   TA0CCTL0
00000164   TA0CCTL1
00000166   TA0CCTL2
00000170   TA0R
00000172   TA0CCR0
00000174   TA0CCR1
00000176   TA0CCR2
00000180   TA1CTL
00000182   TA1CCTL0
00000184   TA1CCTL1
00000186   TA1CCTL2
00000190   TA1R
00000192   TA1CCR0
00000194   TA1CCR1
00000196   TA1CCR2
000001b0   ADC10CTL0
000001b2   ADC10CTL1
000001b4   ADC10MEM
000001bc   ADC10SA
00000200   cbuffer
00000214   conPrintCounter
00000216   conPrintSequence
00000218   latest_result
0000021a   tx_count
0000021c   tx_next_character
0000021e   conversion_count
00000222   conPrint
000003b0   _stack
00000400   __STACK_END
000010c0   TLV_CHECKSUM
000010da   TLV_ADC10_1_TAG
000010db   TLV_ADC10_1_LEN
000010f6   TLV_DCO_30_TAG
000010f7   TLV_DCO_30_LEN
000010f8   CALDCO_16MHZ
000010f9   CALBC1_16MHZ
000010fa   CALDCO_12MHZ
000010fb   CALBC1_12MHZ
000010fc   CALDCO_8MHZ
000010fd   CALBC1_8MHZ
000010fe   CALDCO_1MHZ
000010ff   CALBC1_1MHZ
0000c116   __TI_printfi_minimal
0000c1e0   adc_handler
0000c248   main
0000c30e   _auto_init
0000c3c2   snprintf
0000c466   __mspabi_srli
0000c474   __mspabi_srli_15
0000c478   __mspabi_srli_14
0000c47c   __mspabi_srli_13
0000c480   __mspabi_srli_12
0000c484   __mspabi_srli_11
0000c488   __mspabi_srli_10
0000c48c   __mspabi_srli_9
0000c490   __mspabi_srli_8
0000c494   __mspabi_srli_7
0000c498   __mspabi_srli_6
0000c49c   __mspabi_srli_5
0000c4a0   __mspabi_srli_4
0000c4a4   __mspabi_srli_3
0000c4a8   __mspabi_srli_2
0000c4ac   __mspabi_srli_1
0000c55e   tx_handler
0000c586   init_USCI_UART
0000c5ca   u_print_string
0000c5e8   memccpy
0000c604   _c_int00
0000c604   _c_int00_noexit
0000c61e   tx_start
0000c650   __mspabi_divu
0000c650   __mspabi_remu
0000c666   __TI_zero_init
0000c67a   init_adc
0000c68e   memset
0000c6a2   __mspabi_mpyi
0000c6b6   tx_start_string
0000c6ca   __TI_decompress_none
0000c6dc   memcpy
0000c6ee   __mspabi_func_epilog_7
0000c6f0   __mspabi_func_epilog_6
0000c6f2   __mspabi_func_epilog_5
0000c6f4   __mspabi_func_epilog_4
0000c6f6   __mspabi_func_epilog_3
0000c6f8   __mspabi_func_epilog_2
0000c6fa   __mspabi_func_epilog_1
0000c6fe   strlen
0000c70c   init_wdt_no_interrupt
0000c714   WDT_interval_handler
0000c71a   __TI_ISR_TRAP
0000c720   __TI_decompress_rle24
0000c726   _system_pre_init
0000c72a   C$$EXIT
0000c72a   abort
0000c782   __TI_Handler_Table_Base
0000c788   __TI_Handler_Table_Limit
0000c78c   __TI_CINIT_Base
0000c794   __TI_CINIT_Limit
0000ffe4   __TI_int02
0000ffe6   __TI_int03
0000ffea   __TI_int05
0000ffea   adc_handler_ptr
0000ffec   __TI_int06
0000ffec   tx_handler_ptr
0000ffee   __TI_int07
0000fff0   __TI_int08
0000fff2   __TI_int09
0000fff4   WDT_interval_handler_ptr
0000fff4   __TI_int10
0000fff6   __TI_int11
0000fff8   __TI_int12
0000fffa   __TI_int13
0000fffc   __TI_int14
0000fffe   _reset_vector
ffffffff   __binit__
ffffffff   __c_args__
ffffffff   binit
UNDEFED    __TI_INITARRAY_Base
UNDEFED    __TI_INITARRAY_Limit

[188 symbols]
