<?xml version="1.0"?>
<link_info>
   <banner>MSP430 Linker PC v4.3.3</banner>
   <copyright>Copyright (c) 2003-2014 Texas Instruments Incorporated</copyright>
   <link_time>0x566b71c2</link_time>
   <link_errors>0x0</link_errors>
   <output_file>UART_EX.out</output_file>
   <entry_point>
      <name>_c_int00</name>
      <address>0xc604</address>
   </entry_point>
   <input_file_list>
      <input_file id="fl-2">
         <path>.\</path>
         <kind>object</kind>
         <file>main.obj</file>
         <name>main.obj</name>
      </input_file>
      <input_file id="fl-3">
         <path>.\</path>
         <kind>object</kind>
         <file>uart_out.obj</file>
         <name>uart_out.obj</name>
      </input_file>
      <input_file id="fl-31">
         <path>c:\ti\ccsv6\tools\compiler\msp430_4.3.3\lib\</path>
         <kind>archive</kind>
         <file>rts430_eabi.lib</file>
         <name>boot.obj</name>
      </input_file>
      <input_file id="fl-32">
         <path>c:\ti\ccsv6\tools\compiler\msp430_4.3.3\lib\</path>
         <kind>archive</kind>
         <file>rts430_eabi.lib</file>
         <name>copy_decompress_none.obj</name>
      </input_file>
      <input_file id="fl-33">
         <path>c:\ti\ccsv6\tools\compiler\msp430_4.3.3\lib\</path>
         <kind>archive</kind>
         <file>rts430_eabi.lib</file>
         <name>copy_decompress_rle.obj</name>
      </input_file>
      <input_file id="fl-34">
         <path>c:\ti\ccsv6\tools\compiler\msp430_4.3.3\lib\</path>
         <kind>archive</kind>
         <file>rts430_eabi.lib</file>
         <name>copy_zero_init.obj</name>
      </input_file>
      <input_file id="fl-35">
         <path>c:\ti\ccsv6\tools\compiler\msp430_4.3.3\lib\</path>
         <kind>archive</kind>
         <file>rts430_eabi.lib</file>
         <name>epilog.obj</name>
      </input_file>
      <input_file id="fl-36">
         <path>c:\ti\ccsv6\tools\compiler\msp430_4.3.3\lib\</path>
         <kind>archive</kind>
         <file>rts430_eabi.lib</file>
         <name>exit.obj</name>
      </input_file>
      <input_file id="fl-37">
         <path>c:\ti\ccsv6\tools\compiler\msp430_4.3.3\lib\</path>
         <kind>archive</kind>
         <file>rts430_eabi.lib</file>
         <name>int02.obj</name>
      </input_file>
      <input_file id="fl-38">
         <path>c:\ti\ccsv6\tools\compiler\msp430_4.3.3\lib\</path>
         <kind>archive</kind>
         <file>rts430_eabi.lib</file>
         <name>int03.obj</name>
      </input_file>
      <input_file id="fl-39">
         <path>c:\ti\ccsv6\tools\compiler\msp430_4.3.3\lib\</path>
         <kind>archive</kind>
         <file>rts430_eabi.lib</file>
         <name>int07.obj</name>
      </input_file>
      <input_file id="fl-3a">
         <path>c:\ti\ccsv6\tools\compiler\msp430_4.3.3\lib\</path>
         <kind>archive</kind>
         <file>rts430_eabi.lib</file>
         <name>int08.obj</name>
      </input_file>
      <input_file id="fl-3b">
         <path>c:\ti\ccsv6\tools\compiler\msp430_4.3.3\lib\</path>
         <kind>archive</kind>
         <file>rts430_eabi.lib</file>
         <name>int09.obj</name>
      </input_file>
      <input_file id="fl-3c">
         <path>c:\ti\ccsv6\tools\compiler\msp430_4.3.3\lib\</path>
         <kind>archive</kind>
         <file>rts430_eabi.lib</file>
         <name>int11.obj</name>
      </input_file>
      <input_file id="fl-3d">
         <path>c:\ti\ccsv6\tools\compiler\msp430_4.3.3\lib\</path>
         <kind>archive</kind>
         <file>rts430_eabi.lib</file>
         <name>int12.obj</name>
      </input_file>
      <input_file id="fl-3e">
         <path>c:\ti\ccsv6\tools\compiler\msp430_4.3.3\lib\</path>
         <kind>archive</kind>
         <file>rts430_eabi.lib</file>
         <name>int13.obj</name>
      </input_file>
      <input_file id="fl-3f">
         <path>c:\ti\ccsv6\tools\compiler\msp430_4.3.3\lib\</path>
         <kind>archive</kind>
         <file>rts430_eabi.lib</file>
         <name>int14.obj</name>
      </input_file>
      <input_file id="fl-40">
         <path>c:\ti\ccsv6\tools\compiler\msp430_4.3.3\lib\</path>
         <kind>archive</kind>
         <file>rts430_eabi.lib</file>
         <name>isr_trap.obj</name>
      </input_file>
      <input_file id="fl-41">
         <path>c:\ti\ccsv6\tools\compiler\msp430_4.3.3\lib\</path>
         <kind>archive</kind>
         <file>rts430_eabi.lib</file>
         <name>memcpy.obj</name>
      </input_file>
      <input_file id="fl-42">
         <path>c:\ti\ccsv6\tools\compiler\msp430_4.3.3\lib\</path>
         <kind>archive</kind>
         <file>rts430_eabi.lib</file>
         <name>mpu_init.obj</name>
      </input_file>
      <input_file id="fl-43">
         <path>c:\ti\ccsv6\tools\compiler\msp430_4.3.3\lib\</path>
         <kind>archive</kind>
         <file>rts430_eabi.lib</file>
         <name>pre_init.obj</name>
      </input_file>
      <input_file id="fl-44">
         <path>c:\ti\ccsv6\tools\compiler\msp430_4.3.3\lib\</path>
         <kind>archive</kind>
         <file>rts430_eabi.lib</file>
         <name>snprintf.obj</name>
      </input_file>
      <input_file id="fl-45">
         <path>c:\ti\ccsv6\tools\compiler\msp430_4.3.3\lib\</path>
         <kind>archive</kind>
         <file>rts430_eabi.lib</file>
         <name>strlen.obj</name>
      </input_file>
      <input_file id="fl-46">
         <path>c:\ti\ccsv6\tools\compiler\msp430_4.3.3\lib\</path>
         <kind>archive</kind>
         <file>rts430_eabi.lib</file>
         <name>_lock.obj</name>
      </input_file>
      <input_file id="fl-47">
         <path>c:\ti\ccsv6\tools\compiler\msp430_4.3.3\lib\</path>
         <kind>archive</kind>
         <file>rts430_eabi.lib</file>
         <name>_printfi_min.obj</name>
      </input_file>
      <input_file id="fl-48">
         <path>c:\ti\ccsv6\tools\compiler\msp430_4.3.3\lib\</path>
         <kind>archive</kind>
         <file>rts430_eabi.lib</file>
         <name>args_main.obj</name>
      </input_file>
      <input_file id="fl-49">
         <path>c:\ti\ccsv6\tools\compiler\msp430_4.3.3\lib\</path>
         <kind>archive</kind>
         <file>rts430_eabi.lib</file>
         <name>autoinit.obj</name>
      </input_file>
      <input_file id="fl-4a">
         <path>c:\ti\ccsv6\tools\compiler\msp430_4.3.3\lib\</path>
         <kind>archive</kind>
         <file>rts430_eabi.lib</file>
         <name>div16u.obj</name>
      </input_file>
      <input_file id="fl-4b">
         <path>c:\ti\ccsv6\tools\compiler\msp430_4.3.3\lib\</path>
         <kind>archive</kind>
         <file>rts430_eabi.lib</file>
         <name>lsr16.obj</name>
      </input_file>
      <input_file id="fl-4c">
         <path>c:\ti\ccsv6\tools\compiler\msp430_4.3.3\lib\</path>
         <kind>archive</kind>
         <file>rts430_eabi.lib</file>
         <name>memccpy.obj</name>
      </input_file>
      <input_file id="fl-4d">
         <path>c:\ti\ccsv6\tools\compiler\msp430_4.3.3\lib\</path>
         <kind>archive</kind>
         <file>rts430_eabi.lib</file>
         <name>memset.obj</name>
      </input_file>
      <input_file id="fl-4e">
         <path>c:\ti\ccsv6\tools\compiler\msp430_4.3.3\lib\</path>
         <kind>archive</kind>
         <file>rts430_eabi.lib</file>
         <name>mult16.obj</name>
      </input_file>
   </input_file_list>
   <object_component_list>
      <object_component id="oc-58">
         <name>.stack</name>
         <uninitialized>true</uninitialized>
         <run_address>0x3b0</run_address>
         <size>0x2</size>
         <input_file_ref idref="fl-31"/>
      </object_component>
      <object_component id="oc-202">
         <name>.stack</name>
         <uninitialized>true</uninitialized>
         <run_address>0x3b0</run_address>
         <size>0x0</size>
      </object_component>
      <object_component id="oc-15a">
         <name>.text:_setfield</name>
         <load_address>0xc000</load_address>
         <run_address>0xc000</run_address>
         <size>0x116</size>
         <input_file_ref idref="fl-47"/>
      </object_component>
      <object_component id="oc-129">
         <name>.text:__TI_printfi_minimal</name>
         <load_address>0xc116</load_address>
         <run_address>0xc116</run_address>
         <size>0xca</size>
         <input_file_ref idref="fl-47"/>
      </object_component>
      <object_component id="oc-61">
         <name>.text:adc_handler</name>
         <load_address>0xc1e0</load_address>
         <run_address>0xc1e0</run_address>
         <size>0x68</size>
         <input_file_ref idref="fl-2"/>
      </object_component>
      <object_component id="oc-89">
         <name>.text:main</name>
         <load_address>0xc248</load_address>
         <run_address>0xc248</run_address>
         <size>0x68</size>
         <input_file_ref idref="fl-2"/>
      </object_component>
      <object_component id="oc-aa">
         <name>.text:__TI_decompress_rle_core</name>
         <load_address>0xc2b0</load_address>
         <run_address>0xc2b0</run_address>
         <size>0x5e</size>
         <input_file_ref idref="fl-33"/>
      </object_component>
      <object_component id="oc-83">
         <name>.text:_auto_init</name>
         <load_address>0xc30e</load_address>
         <run_address>0xc30e</run_address>
         <size>0x5e</size>
         <input_file_ref idref="fl-49"/>
      </object_component>
      <object_component id="oc-1a0">
         <name>.text:_ltostr</name>
         <load_address>0xc36c</load_address>
         <run_address>0xc36c</run_address>
         <size>0x56</size>
         <input_file_ref idref="fl-47"/>
      </object_component>
      <object_component id="oc-ca">
         <name>.text:snprintf</name>
         <load_address>0xc3c2</load_address>
         <run_address>0xc3c2</run_address>
         <size>0x56</size>
         <input_file_ref idref="fl-44"/>
      </object_component>
      <object_component id="oc-181">
         <name>.text:_pproc_diouxp</name>
         <load_address>0xc418</load_address>
         <run_address>0xc418</run_address>
         <size>0x4e</size>
         <input_file_ref idref="fl-47"/>
      </object_component>
      <object_component id="oc-1ba">
         <name>.text</name>
         <load_address>0xc466</load_address>
         <run_address>0xc466</run_address>
         <size>0x4c</size>
         <input_file_ref idref="fl-4b"/>
      </object_component>
      <object_component id="oc-160">
         <name>.text:_pproc_str</name>
         <load_address>0xc4b2</load_address>
         <run_address>0xc4b2</run_address>
         <size>0x48</size>
         <input_file_ref idref="fl-47"/>
      </object_component>
      <object_component id="oc-11d">
         <name>.text:_outs</name>
         <load_address>0xc4fa</load_address>
         <run_address>0xc4fa</run_address>
         <size>0x36</size>
         <input_file_ref idref="fl-44"/>
      </object_component>
      <object_component id="oc-19a">
         <name>.text:_getarg_diouxp</name>
         <load_address>0xc530</load_address>
         <run_address>0xc530</run_address>
         <size>0x2e</size>
         <input_file_ref idref="fl-47"/>
      </object_component>
      <object_component id="oc-6b">
         <name>.text:tx_handler</name>
         <load_address>0xc55e</load_address>
         <run_address>0xc55e</run_address>
         <size>0x28</size>
         <input_file_ref idref="fl-3"/>
      </object_component>
      <object_component id="oc-fb">
         <name>.text:init_USCI_UART</name>
         <load_address>0xc586</load_address>
         <run_address>0xc586</run_address>
         <size>0x26</size>
         <input_file_ref idref="fl-3"/>
      </object_component>
      <object_component id="oc-123">
         <name>.text:_outc</name>
         <load_address>0xc5ac</load_address>
         <run_address>0xc5ac</run_address>
         <size>0x1e</size>
         <input_file_ref idref="fl-44"/>
      </object_component>
      <object_component id="oc-103">
         <name>.text:u_print_string</name>
         <load_address>0xc5ca</load_address>
         <run_address>0xc5ca</run_address>
         <size>0x1e</size>
         <input_file_ref idref="fl-3"/>
      </object_component>
      <object_component id="oc-187">
         <name>.text:memccpy</name>
         <load_address>0xc5e8</load_address>
         <run_address>0xc5e8</run_address>
         <size>0x1c</size>
         <input_file_ref idref="fl-4c"/>
      </object_component>
      <object_component id="oc-40">
         <name>.text:_c_int00_noexit</name>
         <load_address>0xc604</load_address>
         <run_address>0xc604</run_address>
         <size>0x1a</size>
         <input_file_ref idref="fl-31"/>
      </object_component>
      <object_component id="oc-141">
         <name>.text:tx_start</name>
         <load_address>0xc61e</load_address>
         <run_address>0xc61e</run_address>
         <size>0x1a</size>
         <input_file_ref idref="fl-3"/>
      </object_component>
      <object_component id="oc-1ac">
         <name>.text:_div</name>
         <load_address>0xc638</load_address>
         <run_address>0xc638</run_address>
         <size>0x18</size>
         <input_file_ref idref="fl-47"/>
      </object_component>
      <object_component id="oc-1bf">
         <name>.text</name>
         <load_address>0xc650</load_address>
         <run_address>0xc650</run_address>
         <size>0x16</size>
         <input_file_ref idref="fl-4a"/>
      </object_component>
      <object_component id="oc-4c">
         <name>.text:decompress:ZI:__TI_zero_init</name>
         <load_address>0xc666</load_address>
         <run_address>0xc666</run_address>
         <size>0x14</size>
         <input_file_ref idref="fl-34"/>
      </object_component>
      <object_component id="oc-ef">
         <name>.text:init_adc</name>
         <load_address>0xc67a</load_address>
         <run_address>0xc67a</run_address>
         <size>0x14</size>
         <input_file_ref idref="fl-2"/>
      </object_component>
      <object_component id="oc-17a">
         <name>.text:memset</name>
         <load_address>0xc68e</load_address>
         <run_address>0xc68e</run_address>
         <size>0x14</size>
         <input_file_ref idref="fl-4d"/>
      </object_component>
      <object_component id="oc-1b2">
         <name>.text</name>
         <load_address>0xc6a2</load_address>
         <run_address>0xc6a2</run_address>
         <size>0x14</size>
         <input_file_ref idref="fl-4e"/>
      </object_component>
      <object_component id="oc-d1">
         <name>.text:tx_start_string</name>
         <load_address>0xc6b6</load_address>
         <run_address>0xc6b6</run_address>
         <size>0x14</size>
         <input_file_ref idref="fl-3"/>
      </object_component>
      <object_component id="oc-46">
         <name>.text:decompress:none:__TI_decompress_none</name>
         <load_address>0xc6ca</load_address>
         <run_address>0xc6ca</run_address>
         <size>0x12</size>
         <input_file_ref idref="fl-32"/>
      </object_component>
      <object_component id="oc-96">
         <name>.text:memcpy</name>
         <load_address>0xc6dc</load_address>
         <run_address>0xc6dc</run_address>
         <size>0x12</size>
         <input_file_ref idref="fl-41"/>
      </object_component>
      <object_component id="oc-e8">
         <name>.text</name>
         <load_address>0xc6ee</load_address>
         <run_address>0xc6ee</run_address>
         <size>0x10</size>
         <input_file_ref idref="fl-35"/>
      </object_component>
      <object_component id="oc-13b">
         <name>.text:strlen</name>
         <load_address>0xc6fe</load_address>
         <run_address>0xc6fe</run_address>
         <size>0xe</size>
         <input_file_ref idref="fl-45"/>
      </object_component>
      <object_component id="oc-f5">
         <name>.text:init_wdt_no_interrupt</name>
         <load_address>0xc70c</load_address>
         <run_address>0xc70c</run_address>
         <size>0x8</size>
         <input_file_ref idref="fl-2"/>
      </object_component>
      <object_component id="oc-75">
         <name>.text:WDT_interval_handler</name>
         <load_address>0xc714</load_address>
         <run_address>0xc714</run_address>
         <size>0x6</size>
         <input_file_ref idref="fl-2"/>
      </object_component>
      <object_component id="oc-5c">
         <name>.text:__TI_ISR_TRAP</name>
         <load_address>0xc71a</load_address>
         <run_address>0xc71a</run_address>
         <size>0x6</size>
         <input_file_ref idref="fl-40"/>
      </object_component>
      <object_component id="oc-52">
         <name>.text:decompress:rle24:__TI_decompress_rle24</name>
         <load_address>0xc720</load_address>
         <run_address>0xc720</run_address>
         <size>0x6</size>
         <input_file_ref idref="fl-33"/>
      </object_component>
      <object_component id="oc-7d">
         <name>.text:_system_pre_init</name>
         <load_address>0xc726</load_address>
         <run_address>0xc726</run_address>
         <size>0x4</size>
         <input_file_ref idref="fl-43"/>
      </object_component>
      <object_component id="oc-8f">
         <name>.text:abort</name>
         <load_address>0xc72a</load_address>
         <run_address>0xc72a</run_address>
         <size>0x4</size>
         <input_file_ref idref="fl-36"/>
      </object_component>
      <object_component id="oc-201">
         <name>.cinit..data.load</name>
         <load_address>0xc778</load_address>
         <run_address>0xc778</run_address>
         <size>0xa</size>
      </object_component>
      <object_component id="oc-1fe">
         <name>__TI_handler_table</name>
         <load_address>0xc782</load_address>
         <run_address>0xc782</run_address>
         <size>0x6</size>
      </object_component>
      <object_component id="oc-200">
         <name>.cinit..bss.load</name>
         <load_address>0xc788</load_address>
         <run_address>0xc788</run_address>
         <size>0x4</size>
      </object_component>
      <object_component id="oc-1ff">
         <name>__TI_cinit_table</name>
         <load_address>0xc78c</load_address>
         <run_address>0xc78c</run_address>
         <size>0x8</size>
      </object_component>
      <object_component id="oc-c5">
         <name>.const:.string</name>
         <load_address>0xc72e</load_address>
         <run_address>0xc72e</run_address>
         <size>0x36</size>
         <input_file_ref idref="fl-2"/>
      </object_component>
      <object_component id="oc-180">
         <name>.const:.string</name>
         <load_address>0xc764</load_address>
         <run_address>0xc764</run_address>
         <size>0x14</size>
         <input_file_ref idref="fl-47"/>
      </object_component>
      <object_component id="oc-2e">
         <name>.int02</name>
         <load_address>0xffe4</load_address>
         <run_address>0xffe4</run_address>
         <size>0x2</size>
         <input_file_ref idref="fl-37"/>
      </object_component>
      <object_component id="oc-2f">
         <name>.int03</name>
         <load_address>0xffe6</load_address>
         <run_address>0xffe6</run_address>
         <size>0x2</size>
         <input_file_ref idref="fl-38"/>
      </object_component>
      <object_component id="oc-30">
         <name>.int05</name>
         <load_address>0xffea</load_address>
         <run_address>0xffea</run_address>
         <size>0x2</size>
         <input_file_ref idref="fl-2"/>
      </object_component>
      <object_component id="oc-33">
         <name>.int06</name>
         <load_address>0xffec</load_address>
         <run_address>0xffec</run_address>
         <size>0x2</size>
         <input_file_ref idref="fl-3"/>
      </object_component>
      <object_component id="oc-36">
         <name>.int07</name>
         <load_address>0xffee</load_address>
         <run_address>0xffee</run_address>
         <size>0x2</size>
         <input_file_ref idref="fl-39"/>
      </object_component>
      <object_component id="oc-37">
         <name>.int08</name>
         <load_address>0xfff0</load_address>
         <run_address>0xfff0</run_address>
         <size>0x2</size>
         <input_file_ref idref="fl-3a"/>
      </object_component>
      <object_component id="oc-38">
         <name>.int09</name>
         <load_address>0xfff2</load_address>
         <run_address>0xfff2</run_address>
         <size>0x2</size>
         <input_file_ref idref="fl-3b"/>
      </object_component>
      <object_component id="oc-39">
         <name>.int10</name>
         <load_address>0xfff4</load_address>
         <run_address>0xfff4</run_address>
         <size>0x2</size>
         <input_file_ref idref="fl-2"/>
      </object_component>
      <object_component id="oc-3c">
         <name>.int11</name>
         <load_address>0xfff6</load_address>
         <run_address>0xfff6</run_address>
         <size>0x2</size>
         <input_file_ref idref="fl-3c"/>
      </object_component>
      <object_component id="oc-3d">
         <name>.int12</name>
         <load_address>0xfff8</load_address>
         <run_address>0xfff8</run_address>
         <size>0x2</size>
         <input_file_ref idref="fl-3d"/>
      </object_component>
      <object_component id="oc-3e">
         <name>.int13</name>
         <load_address>0xfffa</load_address>
         <run_address>0xfffa</run_address>
         <size>0x2</size>
         <input_file_ref idref="fl-3e"/>
      </object_component>
      <object_component id="oc-3f">
         <name>.int14</name>
         <load_address>0xfffc</load_address>
         <run_address>0xfffc</run_address>
         <size>0x2</size>
         <input_file_ref idref="fl-3f"/>
      </object_component>
      <object_component id="oc-5b">
         <name>.reset</name>
         <load_address>0xfffe</load_address>
         <run_address>0xfffe</run_address>
         <size>0x2</size>
         <input_file_ref idref="fl-31"/>
      </object_component>
      <object_component id="oc-c8">
         <name>.common:latest_result</name>
         <uninitialized>true</uninitialized>
         <run_address>0x218</run_address>
         <size>0x2</size>
      </object_component>
      <object_component id="oc-101">
         <name>.common:conPrintCounter</name>
         <uninitialized>true</uninitialized>
         <run_address>0x214</run_address>
         <size>0x2</size>
      </object_component>
      <object_component id="oc-102">
         <name>.common:conPrintSequence</name>
         <uninitialized>true</uninitialized>
         <run_address>0x216</run_address>
         <size>0x2</size>
      </object_component>
      <object_component id="oc-10a">
         <name>.common:cbuffer</name>
         <uninitialized>true</uninitialized>
         <run_address>0x200</run_address>
         <size>0x14</size>
      </object_component>
      <object_component id="oc-178">
         <name>.common:tx_next_character</name>
         <uninitialized>true</uninitialized>
         <run_address>0x21c</run_address>
         <size>0x2</size>
      </object_component>
      <object_component id="oc-177">
         <name>.common:tx_count</name>
         <uninitialized>true</uninitialized>
         <run_address>0x21a</run_address>
         <size>0x2</size>
      </object_component>
      <object_component id="oc-c0">
         <name>.data</name>
         <load_address>0x21e</load_address>
         <run_address>0x21e</run_address>
         <size>0x6</size>
         <input_file_ref idref="fl-2"/>
      </object_component>
      <object_component id="oc-31">
         <name>.debug_info</name>
         <load_address>0x0</load_address>
         <run_address>0x0</run_address>
         <size>0xcf</size>
         <input_file_ref idref="fl-2"/>
      </object_component>
      <object_component id="oc-34">
         <name>.debug_info</name>
         <load_address>0xcf</load_address>
         <run_address>0xcf</run_address>
         <size>0xd1</size>
         <input_file_ref idref="fl-3"/>
      </object_component>
      <object_component id="oc-3a">
         <name>.debug_info</name>
         <load_address>0x1a0</load_address>
         <run_address>0x1a0</run_address>
         <size>0xe1</size>
         <input_file_ref idref="fl-2"/>
      </object_component>
      <object_component id="oc-43">
         <name>.debug_info</name>
         <load_address>0x281</load_address>
         <run_address>0x281</run_address>
         <size>0x125</size>
         <input_file_ref idref="fl-31"/>
      </object_component>
      <object_component id="oc-47">
         <name>.debug_info</name>
         <load_address>0x3a6</load_address>
         <run_address>0x3a6</run_address>
         <size>0x194</size>
         <input_file_ref idref="fl-32"/>
      </object_component>
      <object_component id="oc-4e">
         <name>.debug_info</name>
         <load_address>0x53a</load_address>
         <run_address>0x53a</run_address>
         <size>0x16a</size>
         <input_file_ref idref="fl-34"/>
      </object_component>
      <object_component id="oc-53">
         <name>.debug_info</name>
         <load_address>0x6a4</load_address>
         <run_address>0x6a4</run_address>
         <size>0x18e</size>
         <input_file_ref idref="fl-33"/>
      </object_component>
      <object_component id="oc-59">
         <name>.debug_info</name>
         <load_address>0x832</load_address>
         <run_address>0x832</run_address>
         <size>0xaa</size>
         <input_file_ref idref="fl-31"/>
      </object_component>
      <object_component id="oc-5d">
         <name>.debug_info</name>
         <load_address>0x8dc</load_address>
         <run_address>0x8dc</run_address>
         <size>0xc2</size>
         <input_file_ref idref="fl-40"/>
      </object_component>
      <object_component id="oc-62">
         <name>.debug_info</name>
         <load_address>0x99e</load_address>
         <run_address>0x99e</run_address>
         <size>0x117</size>
         <input_file_ref idref="fl-2"/>
      </object_component>
      <object_component id="oc-69">
         <name>.debug_info</name>
         <load_address>0xab5</load_address>
         <run_address>0xab5</run_address>
         <size>0x408</size>
         <input_file_ref idref="fl-2"/>
      </object_component>
      <object_component id="oc-6c">
         <name>.debug_info</name>
         <load_address>0xebd</load_address>
         <run_address>0xebd</run_address>
         <size>0xfc</size>
         <input_file_ref idref="fl-3"/>
      </object_component>
      <object_component id="oc-73">
         <name>.debug_info</name>
         <load_address>0xfb9</load_address>
         <run_address>0xfb9</run_address>
         <size>0x2b3</size>
         <input_file_ref idref="fl-3"/>
      </object_component>
      <object_component id="oc-76">
         <name>.debug_info</name>
         <load_address>0x126c</load_address>
         <run_address>0x126c</run_address>
         <size>0x104</size>
         <input_file_ref idref="fl-2"/>
      </object_component>
      <object_component id="oc-7e">
         <name>.debug_info</name>
         <load_address>0x1370</load_address>
         <run_address>0x1370</run_address>
         <size>0xfd</size>
         <input_file_ref idref="fl-43"/>
      </object_component>
      <object_component id="oc-84">
         <name>.debug_info</name>
         <load_address>0x146d</load_address>
         <run_address>0x146d</run_address>
         <size>0x153</size>
         <input_file_ref idref="fl-49"/>
      </object_component>
      <object_component id="oc-8a">
         <name>.debug_info</name>
         <load_address>0x15c0</load_address>
         <run_address>0x15c0</run_address>
         <size>0x171</size>
         <input_file_ref idref="fl-2"/>
      </object_component>
      <object_component id="oc-91">
         <name>.debug_info</name>
         <load_address>0x1731</load_address>
         <run_address>0x1731</run_address>
         <size>0xcc</size>
         <input_file_ref idref="fl-36"/>
      </object_component>
      <object_component id="oc-97">
         <name>.debug_info</name>
         <load_address>0x17fd</load_address>
         <run_address>0x17fd</run_address>
         <size>0x157</size>
         <input_file_ref idref="fl-41"/>
      </object_component>
      <object_component id="oc-9d">
         <name>.debug_info</name>
         <load_address>0x1954</load_address>
         <run_address>0x1954</run_address>
         <size>0x46</size>
         <input_file_ref idref="fl-32"/>
      </object_component>
      <object_component id="oc-a2">
         <name>.debug_info</name>
         <load_address>0x199a</load_address>
         <run_address>0x199a</run_address>
         <size>0x167</size>
         <input_file_ref idref="fl-32"/>
      </object_component>
      <object_component id="oc-a4">
         <name>.debug_info</name>
         <load_address>0x1b01</load_address>
         <run_address>0x1b01</run_address>
         <size>0x46</size>
         <input_file_ref idref="fl-34"/>
      </object_component>
      <object_component id="oc-a9">
         <name>.debug_info</name>
         <load_address>0x1b47</load_address>
         <run_address>0x1b47</run_address>
         <size>0x11f</size>
         <input_file_ref idref="fl-34"/>
      </object_component>
      <object_component id="oc-ab">
         <name>.debug_info</name>
         <load_address>0x1c66</load_address>
         <run_address>0x1c66</run_address>
         <size>0x1ef</size>
         <input_file_ref idref="fl-33"/>
      </object_component>
      <object_component id="oc-b1">
         <name>.debug_info</name>
         <load_address>0x1e55</load_address>
         <run_address>0x1e55</run_address>
         <size>0x129</size>
         <input_file_ref idref="fl-33"/>
      </object_component>
      <object_component id="oc-b2">
         <name>.debug_info</name>
         <load_address>0x1f7e</load_address>
         <run_address>0x1f7e</run_address>
         <size>0x39</size>
         <input_file_ref idref="fl-33"/>
      </object_component>
      <object_component id="oc-b9">
         <name>.debug_info</name>
         <load_address>0x1fb7</load_address>
         <run_address>0x1fb7</run_address>
         <size>0x84</size>
         <input_file_ref idref="fl-2"/>
      </object_component>
      <object_component id="oc-c1">
         <name>.debug_info</name>
         <load_address>0x203b</load_address>
         <run_address>0x203b</run_address>
         <size>0xf2</size>
         <input_file_ref idref="fl-2"/>
      </object_component>
      <object_component id="oc-cb">
         <name>.debug_info</name>
         <load_address>0x212d</load_address>
         <run_address>0x212d</run_address>
         <size>0x19a</size>
         <input_file_ref idref="fl-44"/>
      </object_component>
      <object_component id="oc-d2">
         <name>.debug_info</name>
         <load_address>0x22c7</load_address>
         <run_address>0x22c7</run_address>
         <size>0x13b</size>
         <input_file_ref idref="fl-3"/>
      </object_component>
      <object_component id="oc-da">
         <name>.debug_info</name>
         <load_address>0x2402</load_address>
         <run_address>0x2402</run_address>
         <size>0x2c</size>
         <input_file_ref idref="fl-2"/>
      </object_component>
      <object_component id="oc-ea">
         <name>.debug_info</name>
         <load_address>0x242e</load_address>
         <run_address>0x242e</run_address>
         <size>0xe1</size>
         <input_file_ref idref="fl-35"/>
      </object_component>
      <object_component id="oc-ee">
         <name>.debug_info</name>
         <load_address>0x250f</load_address>
         <run_address>0x250f</run_address>
         <size>0x2ba</size>
         <input_file_ref idref="fl-49"/>
      </object_component>
      <object_component id="oc-f0">
         <name>.debug_info</name>
         <load_address>0x27c9</load_address>
         <run_address>0x27c9</run_address>
         <size>0xeb</size>
         <input_file_ref idref="fl-2"/>
      </object_component>
      <object_component id="oc-f6">
         <name>.debug_info</name>
         <load_address>0x28b4</load_address>
         <run_address>0x28b4</run_address>
         <size>0x105</size>
         <input_file_ref idref="fl-2"/>
      </object_component>
      <object_component id="oc-fc">
         <name>.debug_info</name>
         <load_address>0x29b9</load_address>
         <run_address>0x29b9</run_address>
         <size>0x103</size>
         <input_file_ref idref="fl-3"/>
      </object_component>
      <object_component id="oc-104">
         <name>.debug_info</name>
         <load_address>0x2abc</load_address>
         <run_address>0x2abc</run_address>
         <size>0x12f</size>
         <input_file_ref idref="fl-3"/>
      </object_component>
      <object_component id="oc-10e">
         <name>.debug_info</name>
         <load_address>0x2beb</load_address>
         <run_address>0x2beb</run_address>
         <size>0x127</size>
         <input_file_ref idref="fl-41"/>
      </object_component>
      <object_component id="oc-10f">
         <name>.debug_info</name>
         <load_address>0x2d12</load_address>
         <run_address>0x2d12</run_address>
         <size>0x2c</size>
         <input_file_ref idref="fl-32"/>
      </object_component>
      <object_component id="oc-11e">
         <name>.debug_info</name>
         <load_address>0x2d3e</load_address>
         <run_address>0x2d3e</run_address>
         <size>0x17c</size>
         <input_file_ref idref="fl-44"/>
      </object_component>
      <object_component id="oc-124">
         <name>.debug_info</name>
         <load_address>0x2eba</load_address>
         <run_address>0x2eba</run_address>
         <size>0x12f</size>
         <input_file_ref idref="fl-44"/>
      </object_component>
      <object_component id="oc-12a">
         <name>.debug_info</name>
         <load_address>0x2fe9</load_address>
         <run_address>0x2fe9</run_address>
         <size>0x25c</size>
         <input_file_ref idref="fl-47"/>
      </object_component>
      <object_component id="oc-130">
         <name>.debug_info</name>
         <load_address>0x3245</load_address>
         <run_address>0x3245</run_address>
         <size>0x1ee</size>
         <input_file_ref idref="fl-44"/>
      </object_component>
      <object_component id="oc-131">
         <name>.debug_info</name>
         <load_address>0x3433</load_address>
         <run_address>0x3433</run_address>
         <size>0x2c</size>
         <input_file_ref idref="fl-44"/>
      </object_component>
      <object_component id="oc-136">
         <name>.debug_info</name>
         <load_address>0x345f</load_address>
         <run_address>0x345f</run_address>
         <size>0x69</size>
         <input_file_ref idref="fl-44"/>
      </object_component>
      <object_component id="oc-13d">
         <name>.debug_info</name>
         <load_address>0x34c8</load_address>
         <run_address>0x34c8</run_address>
         <size>0x153</size>
         <input_file_ref idref="fl-45"/>
      </object_component>
      <object_component id="oc-142">
         <name>.debug_info</name>
         <load_address>0x361b</load_address>
         <run_address>0x361b</run_address>
         <size>0x14b</size>
         <input_file_ref idref="fl-3"/>
      </object_component>
      <object_component id="oc-14b">
         <name>.debug_info</name>
         <load_address>0x3766</load_address>
         <run_address>0x3766</run_address>
         <size>0x39</size>
         <input_file_ref idref="fl-49"/>
      </object_component>
      <object_component id="oc-15b">
         <name>.debug_info</name>
         <load_address>0x379f</load_address>
         <run_address>0x379f</run_address>
         <size>0x239</size>
         <input_file_ref idref="fl-47"/>
      </object_component>
      <object_component id="oc-161">
         <name>.debug_info</name>
         <load_address>0x39d8</load_address>
         <run_address>0x39d8</run_address>
         <size>0x1dc</size>
         <input_file_ref idref="fl-47"/>
      </object_component>
      <object_component id="oc-167">
         <name>.debug_info</name>
         <load_address>0x3bb4</load_address>
         <run_address>0x3bb4</run_address>
         <size>0x30c</size>
         <input_file_ref idref="fl-47"/>
      </object_component>
      <object_component id="oc-168">
         <name>.debug_info</name>
         <load_address>0x3ec0</load_address>
         <run_address>0x3ec0</run_address>
         <size>0x2c</size>
         <input_file_ref idref="fl-2"/>
      </object_component>
      <object_component id="oc-16d">
         <name>.debug_info</name>
         <load_address>0x3eec</load_address>
         <run_address>0x3eec</run_address>
         <size>0x86</size>
         <input_file_ref idref="fl-47"/>
      </object_component>
      <object_component id="oc-175">
         <name>.debug_info</name>
         <load_address>0x3f72</load_address>
         <run_address>0x3f72</run_address>
         <size>0x111</size>
         <input_file_ref idref="fl-45"/>
      </object_component>
      <object_component id="oc-17b">
         <name>.debug_info</name>
         <load_address>0x4083</load_address>
         <run_address>0x4083</run_address>
         <size>0x183</size>
         <input_file_ref idref="fl-4d"/>
      </object_component>
      <object_component id="oc-182">
         <name>.debug_info</name>
         <load_address>0x4206</load_address>
         <run_address>0x4206</run_address>
         <size>0x1e4</size>
         <input_file_ref idref="fl-47"/>
      </object_component>
      <object_component id="oc-188">
         <name>.debug_info</name>
         <load_address>0x43ea</load_address>
         <run_address>0x43ea</run_address>
         <size>0x160</size>
         <input_file_ref idref="fl-4c"/>
      </object_component>
      <object_component id="oc-191">
         <name>.debug_info</name>
         <load_address>0x454a</load_address>
         <run_address>0x454a</run_address>
         <size>0x39</size>
         <input_file_ref idref="fl-47"/>
      </object_component>
      <object_component id="oc-199">
         <name>.debug_info</name>
         <load_address>0x4583</load_address>
         <run_address>0x4583</run_address>
         <size>0x117</size>
         <input_file_ref idref="fl-4d"/>
      </object_component>
      <object_component id="oc-19b">
         <name>.debug_info</name>
         <load_address>0x469a</load_address>
         <run_address>0x469a</run_address>
         <size>0x15c</size>
         <input_file_ref idref="fl-47"/>
      </object_component>
      <object_component id="oc-1a1">
         <name>.debug_info</name>
         <load_address>0x47f6</load_address>
         <run_address>0x47f6</run_address>
         <size>0x1a1</size>
         <input_file_ref idref="fl-47"/>
      </object_component>
      <object_component id="oc-1a8">
         <name>.debug_info</name>
         <load_address>0x4997</load_address>
         <run_address>0x4997</run_address>
         <size>0x118</size>
         <input_file_ref idref="fl-4c"/>
      </object_component>
      <object_component id="oc-1ad">
         <name>.debug_info</name>
         <load_address>0x4aaf</load_address>
         <run_address>0x4aaf</run_address>
         <size>0x168</size>
         <input_file_ref idref="fl-47"/>
      </object_component>
      <object_component id="oc-1b4">
         <name>.debug_info</name>
         <load_address>0x4c17</load_address>
         <run_address>0x4c17</run_address>
         <size>0xd4</size>
         <input_file_ref idref="fl-4e"/>
      </object_component>
      <object_component id="oc-1bb">
         <name>.debug_info</name>
         <load_address>0x4ceb</load_address>
         <run_address>0x4ceb</run_address>
         <size>0xd3</size>
         <input_file_ref idref="fl-4b"/>
      </object_component>
      <object_component id="oc-1c2">
         <name>.debug_info</name>
         <load_address>0x4dbe</load_address>
         <run_address>0x4dbe</run_address>
         <size>0xd4</size>
         <input_file_ref idref="fl-4a"/>
      </object_component>
      <object_component id="oc-203">
         <name>.debug_info</name>
         <load_address>0x4e92</load_address>
         <run_address>0x4e92</run_address>
         <size>0x97</size>
      </object_component>
      <object_component id="oc-32">
         <name>.debug_pubnames</name>
         <load_address>0x0</load_address>
         <run_address>0x0</run_address>
         <size>0x26</size>
         <input_file_ref idref="fl-2"/>
      </object_component>
      <object_component id="oc-35">
         <name>.debug_pubnames</name>
         <load_address>0x26</load_address>
         <run_address>0x26</run_address>
         <size>0x25</size>
         <input_file_ref idref="fl-3"/>
      </object_component>
      <object_component id="oc-3b">
         <name>.debug_pubnames</name>
         <load_address>0x4b</load_address>
         <run_address>0x4b</run_address>
         <size>0x2f</size>
         <input_file_ref idref="fl-2"/>
      </object_component>
      <object_component id="oc-45">
         <name>.debug_pubnames</name>
         <load_address>0x7a</load_address>
         <run_address>0x7a</run_address>
         <size>0x26</size>
         <input_file_ref idref="fl-31"/>
      </object_component>
      <object_component id="oc-49">
         <name>.debug_pubnames</name>
         <load_address>0xa0</load_address>
         <run_address>0xa0</run_address>
         <size>0x2b</size>
         <input_file_ref idref="fl-32"/>
      </object_component>
      <object_component id="oc-4f">
         <name>.debug_pubnames</name>
         <load_address>0xcb</load_address>
         <run_address>0xcb</run_address>
         <size>0x25</size>
         <input_file_ref idref="fl-34"/>
      </object_component>
      <object_component id="oc-55">
         <name>.debug_pubnames</name>
         <load_address>0xf0</load_address>
         <run_address>0xf0</run_address>
         <size>0x2c</size>
         <input_file_ref idref="fl-33"/>
      </object_component>
      <object_component id="oc-5a">
         <name>.debug_pubnames</name>
         <load_address>0x11c</load_address>
         <run_address>0x11c</run_address>
         <size>0x1d</size>
         <input_file_ref idref="fl-31"/>
      </object_component>
      <object_component id="oc-5f">
         <name>.debug_pubnames</name>
         <load_address>0x139</load_address>
         <run_address>0x139</run_address>
         <size>0x2b</size>
         <input_file_ref idref="fl-40"/>
      </object_component>
      <object_component id="oc-64">
         <name>.debug_pubnames</name>
         <load_address>0x164</load_address>
         <run_address>0x164</run_address>
         <size>0x22</size>
         <input_file_ref idref="fl-2"/>
      </object_component>
      <object_component id="oc-6a">
         <name>.debug_pubnames</name>
         <load_address>0x186</load_address>
         <run_address>0x186</run_address>
         <size>0x59</size>
         <input_file_ref idref="fl-2"/>
      </object_component>
      <object_component id="oc-6e">
         <name>.debug_pubnames</name>
         <load_address>0x1df</load_address>
         <run_address>0x1df</run_address>
         <size>0x21</size>
         <input_file_ref idref="fl-3"/>
      </object_component>
      <object_component id="oc-74">
         <name>.debug_pubnames</name>
         <load_address>0x200</load_address>
         <run_address>0x200</run_address>
         <size>0x35</size>
         <input_file_ref idref="fl-3"/>
      </object_component>
      <object_component id="oc-78">
         <name>.debug_pubnames</name>
         <load_address>0x235</load_address>
         <run_address>0x235</run_address>
         <size>0x2b</size>
         <input_file_ref idref="fl-2"/>
      </object_component>
      <object_component id="oc-80">
         <name>.debug_pubnames</name>
         <load_address>0x260</load_address>
         <run_address>0x260</run_address>
         <size>0x27</size>
         <input_file_ref idref="fl-43"/>
      </object_component>
      <object_component id="oc-86">
         <name>.debug_pubnames</name>
         <load_address>0x287</load_address>
         <run_address>0x287</run_address>
         <size>0x21</size>
         <input_file_ref idref="fl-49"/>
      </object_component>
      <object_component id="oc-8c">
         <name>.debug_pubnames</name>
         <load_address>0x2a8</load_address>
         <run_address>0x2a8</run_address>
         <size>0x1b</size>
         <input_file_ref idref="fl-2"/>
      </object_component>
      <object_component id="oc-92">
         <name>.debug_pubnames</name>
         <load_address>0x2c3</load_address>
         <run_address>0x2c3</run_address>
         <size>0x1c</size>
         <input_file_ref idref="fl-36"/>
      </object_component>
      <object_component id="oc-99">
         <name>.debug_pubnames</name>
         <load_address>0x2df</load_address>
         <run_address>0x2df</run_address>
         <size>0x1d</size>
         <input_file_ref idref="fl-41"/>
      </object_component>
      <object_component id="oc-ad">
         <name>.debug_pubnames</name>
         <load_address>0x2fc</load_address>
         <run_address>0x2fc</run_address>
         <size>0x2f</size>
         <input_file_ref idref="fl-33"/>
      </object_component>
      <object_component id="oc-c2">
         <name>.debug_pubnames</name>
         <load_address>0x32b</load_address>
         <run_address>0x32b</run_address>
         <size>0x34</size>
         <input_file_ref idref="fl-2"/>
      </object_component>
      <object_component id="oc-cd">
         <name>.debug_pubnames</name>
         <load_address>0x35f</load_address>
         <run_address>0x35f</run_address>
         <size>0x1f</size>
         <input_file_ref idref="fl-44"/>
      </object_component>
      <object_component id="oc-d4">
         <name>.debug_pubnames</name>
         <load_address>0x37e</load_address>
         <run_address>0x37e</run_address>
         <size>0x26</size>
         <input_file_ref idref="fl-3"/>
      </object_component>
      <object_component id="oc-eb">
         <name>.debug_pubnames</name>
         <load_address>0x3a4</load_address>
         <run_address>0x3a4</run_address>
         <size>0x2b</size>
         <input_file_ref idref="fl-35"/>
      </object_component>
      <object_component id="oc-f2">
         <name>.debug_pubnames</name>
         <load_address>0x3cf</load_address>
         <run_address>0x3cf</run_address>
         <size>0x1f</size>
         <input_file_ref idref="fl-2"/>
      </object_component>
      <object_component id="oc-f8">
         <name>.debug_pubnames</name>
         <load_address>0x3ee</load_address>
         <run_address>0x3ee</run_address>
         <size>0x2c</size>
         <input_file_ref idref="fl-2"/>
      </object_component>
      <object_component id="oc-fe">
         <name>.debug_pubnames</name>
         <load_address>0x41a</load_address>
         <run_address>0x41a</run_address>
         <size>0x25</size>
         <input_file_ref idref="fl-3"/>
      </object_component>
      <object_component id="oc-106">
         <name>.debug_pubnames</name>
         <load_address>0x43f</load_address>
         <run_address>0x43f</run_address>
         <size>0x25</size>
         <input_file_ref idref="fl-3"/>
      </object_component>
      <object_component id="oc-120">
         <name>.debug_pubnames</name>
         <load_address>0x464</load_address>
         <run_address>0x464</run_address>
         <size>0x1c</size>
         <input_file_ref idref="fl-44"/>
      </object_component>
      <object_component id="oc-126">
         <name>.debug_pubnames</name>
         <load_address>0x480</load_address>
         <run_address>0x480</run_address>
         <size>0x1c</size>
         <input_file_ref idref="fl-44"/>
      </object_component>
      <object_component id="oc-12c">
         <name>.debug_pubnames</name>
         <load_address>0x49c</load_address>
         <run_address>0x49c</run_address>
         <size>0x2b</size>
         <input_file_ref idref="fl-47"/>
      </object_component>
      <object_component id="oc-13f">
         <name>.debug_pubnames</name>
         <load_address>0x4c7</load_address>
         <run_address>0x4c7</run_address>
         <size>0x1d</size>
         <input_file_ref idref="fl-45"/>
      </object_component>
      <object_component id="oc-144">
         <name>.debug_pubnames</name>
         <load_address>0x4e4</load_address>
         <run_address>0x4e4</run_address>
         <size>0x1f</size>
         <input_file_ref idref="fl-3"/>
      </object_component>
      <object_component id="oc-15d">
         <name>.debug_pubnames</name>
         <load_address>0x503</load_address>
         <run_address>0x503</run_address>
         <size>0x20</size>
         <input_file_ref idref="fl-47"/>
      </object_component>
      <object_component id="oc-163">
         <name>.debug_pubnames</name>
         <load_address>0x523</load_address>
         <run_address>0x523</run_address>
         <size>0x21</size>
         <input_file_ref idref="fl-47"/>
      </object_component>
      <object_component id="oc-17d">
         <name>.debug_pubnames</name>
         <load_address>0x544</load_address>
         <run_address>0x544</run_address>
         <size>0x1d</size>
         <input_file_ref idref="fl-4d"/>
      </object_component>
      <object_component id="oc-184">
         <name>.debug_pubnames</name>
         <load_address>0x561</load_address>
         <run_address>0x561</run_address>
         <size>0x24</size>
         <input_file_ref idref="fl-47"/>
      </object_component>
      <object_component id="oc-18a">
         <name>.debug_pubnames</name>
         <load_address>0x585</load_address>
         <run_address>0x585</run_address>
         <size>0x1e</size>
         <input_file_ref idref="fl-4c"/>
      </object_component>
      <object_component id="oc-19d">
         <name>.debug_pubnames</name>
         <load_address>0x5a3</load_address>
         <run_address>0x5a3</run_address>
         <size>0x25</size>
         <input_file_ref idref="fl-47"/>
      </object_component>
      <object_component id="oc-1a3">
         <name>.debug_pubnames</name>
         <load_address>0x5c8</load_address>
         <run_address>0x5c8</run_address>
         <size>0x1e</size>
         <input_file_ref idref="fl-47"/>
      </object_component>
      <object_component id="oc-1af">
         <name>.debug_pubnames</name>
         <load_address>0x5e6</load_address>
         <run_address>0x5e6</run_address>
         <size>0x1b</size>
         <input_file_ref idref="fl-47"/>
      </object_component>
      <object_component id="oc-1b6">
         <name>.debug_pubnames</name>
         <load_address>0x601</load_address>
         <run_address>0x601</run_address>
         <size>0x24</size>
         <input_file_ref idref="fl-4e"/>
      </object_component>
      <object_component id="oc-1bd">
         <name>.debug_pubnames</name>
         <load_address>0x625</load_address>
         <run_address>0x625</run_address>
         <size>0x24</size>
         <input_file_ref idref="fl-4b"/>
      </object_component>
      <object_component id="oc-1c3">
         <name>.debug_pubnames</name>
         <load_address>0x649</load_address>
         <run_address>0x649</run_address>
         <size>0x24</size>
         <input_file_ref idref="fl-4a"/>
      </object_component>
      <object_component id="oc-41">
         <name>.debug_frame</name>
         <load_address>0x0</load_address>
         <run_address>0x0</run_address>
         <size>0x42</size>
         <input_file_ref idref="fl-31"/>
      </object_component>
      <object_component id="oc-4b">
         <name>.debug_frame</name>
         <load_address>0x42</load_address>
         <run_address>0x42</run_address>
         <size>0x47</size>
         <input_file_ref idref="fl-32"/>
      </object_component>
      <object_component id="oc-51">
         <name>.debug_frame</name>
         <load_address>0x89</load_address>
         <run_address>0x89</run_address>
         <size>0x47</size>
         <input_file_ref idref="fl-34"/>
      </object_component>
      <object_component id="oc-57">
         <name>.debug_frame</name>
         <load_address>0xd0</load_address>
         <run_address>0xd0</run_address>
         <size>0x47</size>
         <input_file_ref idref="fl-33"/>
      </object_component>
      <object_component id="oc-66">
         <name>.debug_frame</name>
         <load_address>0x117</load_address>
         <run_address>0x117</run_address>
         <size>0x7a</size>
         <input_file_ref idref="fl-2"/>
      </object_component>
      <object_component id="oc-70">
         <name>.debug_frame</name>
         <load_address>0x191</load_address>
         <run_address>0x191</run_address>
         <size>0x59</size>
         <input_file_ref idref="fl-3"/>
      </object_component>
      <object_component id="oc-7a">
         <name>.debug_frame</name>
         <load_address>0x1ea</load_address>
         <run_address>0x1ea</run_address>
         <size>0x47</size>
         <input_file_ref idref="fl-2"/>
      </object_component>
      <object_component id="oc-82">
         <name>.debug_frame</name>
         <load_address>0x231</load_address>
         <run_address>0x231</run_address>
         <size>0x47</size>
         <input_file_ref idref="fl-43"/>
      </object_component>
      <object_component id="oc-88">
         <name>.debug_frame</name>
         <load_address>0x278</load_address>
         <run_address>0x278</run_address>
         <size>0x51</size>
         <input_file_ref idref="fl-49"/>
      </object_component>
      <object_component id="oc-8e">
         <name>.debug_frame</name>
         <load_address>0x2c9</load_address>
         <run_address>0x2c9</run_address>
         <size>0x4d</size>
         <input_file_ref idref="fl-2"/>
      </object_component>
      <object_component id="oc-94">
         <name>.debug_frame</name>
         <load_address>0x316</load_address>
         <run_address>0x316</run_address>
         <size>0x47</size>
         <input_file_ref idref="fl-36"/>
      </object_component>
      <object_component id="oc-9b">
         <name>.debug_frame</name>
         <load_address>0x35d</load_address>
         <run_address>0x35d</run_address>
         <size>0x47</size>
         <input_file_ref idref="fl-41"/>
      </object_component>
      <object_component id="oc-af">
         <name>.debug_frame</name>
         <load_address>0x3a4</load_address>
         <run_address>0x3a4</run_address>
         <size>0x51</size>
         <input_file_ref idref="fl-33"/>
      </object_component>
      <object_component id="oc-cf">
         <name>.debug_frame</name>
         <load_address>0x3f5</load_address>
         <run_address>0x3f5</run_address>
         <size>0x56</size>
         <input_file_ref idref="fl-44"/>
      </object_component>
      <object_component id="oc-d6">
         <name>.debug_frame</name>
         <load_address>0x44b</load_address>
         <run_address>0x44b</run_address>
         <size>0x50</size>
         <input_file_ref idref="fl-3"/>
      </object_component>
      <object_component id="oc-f4">
         <name>.debug_frame</name>
         <load_address>0x49b</load_address>
         <run_address>0x49b</run_address>
         <size>0x47</size>
         <input_file_ref idref="fl-2"/>
      </object_component>
      <object_component id="oc-fa">
         <name>.debug_frame</name>
         <load_address>0x4e2</load_address>
         <run_address>0x4e2</run_address>
         <size>0x47</size>
         <input_file_ref idref="fl-2"/>
      </object_component>
      <object_component id="oc-100">
         <name>.debug_frame</name>
         <load_address>0x529</load_address>
         <run_address>0x529</run_address>
         <size>0x47</size>
         <input_file_ref idref="fl-3"/>
      </object_component>
      <object_component id="oc-108">
         <name>.debug_frame</name>
         <load_address>0x570</load_address>
         <run_address>0x570</run_address>
         <size>0x50</size>
         <input_file_ref idref="fl-3"/>
      </object_component>
      <object_component id="oc-122">
         <name>.debug_frame</name>
         <load_address>0x5c0</load_address>
         <run_address>0x5c0</run_address>
         <size>0x56</size>
         <input_file_ref idref="fl-44"/>
      </object_component>
      <object_component id="oc-128">
         <name>.debug_frame</name>
         <load_address>0x616</load_address>
         <run_address>0x616</run_address>
         <size>0x47</size>
         <input_file_ref idref="fl-44"/>
      </object_component>
      <object_component id="oc-12e">
         <name>.debug_frame</name>
         <load_address>0x65d</load_address>
         <run_address>0x65d</run_address>
         <size>0x6c</size>
         <input_file_ref idref="fl-47"/>
      </object_component>
      <object_component id="oc-13c">
         <name>.debug_frame</name>
         <load_address>0x6c9</load_address>
         <run_address>0x6c9</run_address>
         <size>0x47</size>
         <input_file_ref idref="fl-45"/>
      </object_component>
      <object_component id="oc-146">
         <name>.debug_frame</name>
         <load_address>0x710</load_address>
         <run_address>0x710</run_address>
         <size>0x47</size>
         <input_file_ref idref="fl-3"/>
      </object_component>
      <object_component id="oc-15f">
         <name>.debug_frame</name>
         <load_address>0x757</load_address>
         <run_address>0x757</run_address>
         <size>0x67</size>
         <input_file_ref idref="fl-47"/>
      </object_component>
      <object_component id="oc-165">
         <name>.debug_frame</name>
         <load_address>0x7be</load_address>
         <run_address>0x7be</run_address>
         <size>0x5f</size>
         <input_file_ref idref="fl-47"/>
      </object_component>
      <object_component id="oc-17f">
         <name>.debug_frame</name>
         <load_address>0x81d</load_address>
         <run_address>0x81d</run_address>
         <size>0x47</size>
         <input_file_ref idref="fl-4d"/>
      </object_component>
      <object_component id="oc-186">
         <name>.debug_frame</name>
         <load_address>0x864</load_address>
         <run_address>0x864</run_address>
         <size>0x51</size>
         <input_file_ref idref="fl-47"/>
      </object_component>
      <object_component id="oc-18c">
         <name>.debug_frame</name>
         <load_address>0x8b5</load_address>
         <run_address>0x8b5</run_address>
         <size>0x47</size>
         <input_file_ref idref="fl-4c"/>
      </object_component>
      <object_component id="oc-19f">
         <name>.debug_frame</name>
         <load_address>0x8fc</load_address>
         <run_address>0x8fc</run_address>
         <size>0x4b</size>
         <input_file_ref idref="fl-47"/>
      </object_component>
      <object_component id="oc-1a5">
         <name>.debug_frame</name>
         <load_address>0x947</load_address>
         <run_address>0x947</run_address>
         <size>0x56</size>
         <input_file_ref idref="fl-47"/>
      </object_component>
      <object_component id="oc-1b1">
         <name>.debug_frame</name>
         <load_address>0x99d</load_address>
         <run_address>0x99d</run_address>
         <size>0x47</size>
         <input_file_ref idref="fl-47"/>
      </object_component>
      <object_component id="oc-42">
         <name>.debug_line</name>
         <load_address>0x0</load_address>
         <run_address>0x0</run_address>
         <size>0x44</size>
         <input_file_ref idref="fl-31"/>
      </object_component>
      <object_component id="oc-4a">
         <name>.debug_line</name>
         <load_address>0x44</load_address>
         <run_address>0x44</run_address>
         <size>0x50</size>
         <input_file_ref idref="fl-32"/>
      </object_component>
      <object_component id="oc-50">
         <name>.debug_line</name>
         <load_address>0x94</load_address>
         <run_address>0x94</run_address>
         <size>0x4d</size>
         <input_file_ref idref="fl-34"/>
      </object_component>
      <object_component id="oc-56">
         <name>.debug_line</name>
         <load_address>0xe1</load_address>
         <run_address>0xe1</run_address>
         <size>0x49</size>
         <input_file_ref idref="fl-33"/>
      </object_component>
      <object_component id="oc-60">
         <name>.debug_line</name>
         <load_address>0x12a</load_address>
         <run_address>0x12a</run_address>
         <size>0x3c</size>
         <input_file_ref idref="fl-40"/>
      </object_component>
      <object_component id="oc-65">
         <name>.debug_line</name>
         <load_address>0x166</load_address>
         <run_address>0x166</run_address>
         <size>0x49</size>
         <input_file_ref idref="fl-2"/>
      </object_component>
      <object_component id="oc-68">
         <name>.debug_line</name>
         <load_address>0x1af</load_address>
         <run_address>0x1af</run_address>
         <size>0x2d</size>
         <input_file_ref idref="fl-2"/>
      </object_component>
      <object_component id="oc-6f">
         <name>.debug_line</name>
         <load_address>0x1dc</load_address>
         <run_address>0x1dc</run_address>
         <size>0x4c</size>
         <input_file_ref idref="fl-3"/>
      </object_component>
      <object_component id="oc-72">
         <name>.debug_line</name>
         <load_address>0x228</load_address>
         <run_address>0x228</run_address>
         <size>0x31</size>
         <input_file_ref idref="fl-3"/>
      </object_component>
      <object_component id="oc-79">
         <name>.debug_line</name>
         <load_address>0x259</load_address>
         <run_address>0x259</run_address>
         <size>0x40</size>
         <input_file_ref idref="fl-2"/>
      </object_component>
      <object_component id="oc-7c">
         <name>.debug_line</name>
         <load_address>0x299</load_address>
         <run_address>0x299</run_address>
         <size>0x2d</size>
         <input_file_ref idref="fl-2"/>
      </object_component>
      <object_component id="oc-81">
         <name>.debug_line</name>
         <load_address>0x2c6</load_address>
         <run_address>0x2c6</run_address>
         <size>0x3e</size>
         <input_file_ref idref="fl-43"/>
      </object_component>
      <object_component id="oc-87">
         <name>.debug_line</name>
         <load_address>0x304</load_address>
         <run_address>0x304</run_address>
         <size>0x6b</size>
         <input_file_ref idref="fl-49"/>
      </object_component>
      <object_component id="oc-8d">
         <name>.debug_line</name>
         <load_address>0x36f</load_address>
         <run_address>0x36f</run_address>
         <size>0x57</size>
         <input_file_ref idref="fl-2"/>
      </object_component>
      <object_component id="oc-93">
         <name>.debug_line</name>
         <load_address>0x3c6</load_address>
         <run_address>0x3c6</run_address>
         <size>0x3a</size>
         <input_file_ref idref="fl-36"/>
      </object_component>
      <object_component id="oc-9a">
         <name>.debug_line</name>
         <load_address>0x400</load_address>
         <run_address>0x400</run_address>
         <size>0x45</size>
         <input_file_ref idref="fl-41"/>
      </object_component>
      <object_component id="oc-a0">
         <name>.debug_line</name>
         <load_address>0x445</load_address>
         <run_address>0x445</run_address>
         <size>0x3a</size>
         <input_file_ref idref="fl-32"/>
      </object_component>
      <object_component id="oc-a7">
         <name>.debug_line</name>
         <load_address>0x47f</load_address>
         <run_address>0x47f</run_address>
         <size>0x34</size>
         <input_file_ref idref="fl-34"/>
      </object_component>
      <object_component id="oc-ae">
         <name>.debug_line</name>
         <load_address>0x4b3</load_address>
         <run_address>0x4b3</run_address>
         <size>0x81</size>
         <input_file_ref idref="fl-33"/>
      </object_component>
      <object_component id="oc-b5">
         <name>.debug_line</name>
         <load_address>0x534</load_address>
         <run_address>0x534</run_address>
         <size>0x39</size>
         <input_file_ref idref="fl-33"/>
      </object_component>
      <object_component id="oc-b8">
         <name>.debug_line</name>
         <load_address>0x56d</load_address>
         <run_address>0x56d</run_address>
         <size>0x2a</size>
         <input_file_ref idref="fl-31"/>
      </object_component>
      <object_component id="oc-bc">
         <name>.debug_line</name>
         <load_address>0x597</load_address>
         <run_address>0x597</run_address>
         <size>0x20</size>
         <input_file_ref idref="fl-2"/>
      </object_component>
      <object_component id="oc-ce">
         <name>.debug_line</name>
         <load_address>0x5b7</load_address>
         <run_address>0x5b7</run_address>
         <size>0x4d</size>
         <input_file_ref idref="fl-44"/>
      </object_component>
      <object_component id="oc-d5">
         <name>.debug_line</name>
         <load_address>0x604</load_address>
         <run_address>0x604</run_address>
         <size>0x47</size>
         <input_file_ref idref="fl-3"/>
      </object_component>
      <object_component id="oc-d9">
         <name>.debug_line</name>
         <load_address>0x64b</load_address>
         <run_address>0x64b</run_address>
         <size>0xee</size>
         <input_file_ref idref="fl-2"/>
      </object_component>
      <object_component id="oc-dd">
         <name>.debug_line</name>
         <load_address>0x739</load_address>
         <run_address>0x739</run_address>
         <size>0x5c</size>
         <input_file_ref idref="fl-2"/>
      </object_component>
      <object_component id="oc-e5">
         <name>.debug_line</name>
         <load_address>0x795</load_address>
         <run_address>0x795</run_address>
         <size>0xa2</size>
         <input_file_ref idref="fl-3"/>
      </object_component>
      <object_component id="oc-ec">
         <name>.debug_line</name>
         <load_address>0x837</load_address>
         <run_address>0x837</run_address>
         <size>0x40</size>
         <input_file_ref idref="fl-35"/>
      </object_component>
      <object_component id="oc-f3">
         <name>.debug_line</name>
         <load_address>0x877</load_address>
         <run_address>0x877</run_address>
         <size>0x42</size>
         <input_file_ref idref="fl-2"/>
      </object_component>
      <object_component id="oc-f9">
         <name>.debug_line</name>
         <load_address>0x8b9</load_address>
         <run_address>0x8b9</run_address>
         <size>0x43</size>
         <input_file_ref idref="fl-2"/>
      </object_component>
      <object_component id="oc-ff">
         <name>.debug_line</name>
         <load_address>0x8fc</load_address>
         <run_address>0x8fc</run_address>
         <size>0x4b</size>
         <input_file_ref idref="fl-3"/>
      </object_component>
      <object_component id="oc-107">
         <name>.debug_line</name>
         <load_address>0x947</load_address>
         <run_address>0x947</run_address>
         <size>0x4a</size>
         <input_file_ref idref="fl-3"/>
      </object_component>
      <object_component id="oc-112">
         <name>.debug_line</name>
         <load_address>0x991</load_address>
         <run_address>0x991</run_address>
         <size>0x44</size>
         <input_file_ref idref="fl-32"/>
      </object_component>
      <object_component id="oc-115">
         <name>.debug_line</name>
         <load_address>0x9d5</load_address>
         <run_address>0x9d5</run_address>
         <size>0x44</size>
         <input_file_ref idref="fl-32"/>
      </object_component>
      <object_component id="oc-117">
         <name>.debug_line</name>
         <load_address>0xa19</load_address>
         <run_address>0xa19</run_address>
         <size>0x20</size>
         <input_file_ref idref="fl-34"/>
      </object_component>
      <object_component id="oc-11a">
         <name>.debug_line</name>
         <load_address>0xa39</load_address>
         <run_address>0xa39</run_address>
         <size>0x20</size>
         <input_file_ref idref="fl-33"/>
      </object_component>
      <object_component id="oc-11c">
         <name>.debug_line</name>
         <load_address>0xa59</load_address>
         <run_address>0xa59</run_address>
         <size>0x2d</size>
         <input_file_ref idref="fl-2"/>
      </object_component>
      <object_component id="oc-121">
         <name>.debug_line</name>
         <load_address>0xa86</load_address>
         <run_address>0xa86</run_address>
         <size>0x4f</size>
         <input_file_ref idref="fl-44"/>
      </object_component>
      <object_component id="oc-127">
         <name>.debug_line</name>
         <load_address>0xad5</load_address>
         <run_address>0xad5</run_address>
         <size>0x48</size>
         <input_file_ref idref="fl-44"/>
      </object_component>
      <object_component id="oc-12d">
         <name>.debug_line</name>
         <load_address>0xb1d</load_address>
         <run_address>0xb1d</run_address>
         <size>0x7b</size>
         <input_file_ref idref="fl-47"/>
      </object_component>
      <object_component id="oc-134">
         <name>.debug_line</name>
         <load_address>0xb98</load_address>
         <run_address>0xb98</run_address>
         <size>0x43</size>
         <input_file_ref idref="fl-44"/>
      </object_component>
      <object_component id="oc-139">
         <name>.debug_line</name>
         <load_address>0xbdb</load_address>
         <run_address>0xbdb</run_address>
         <size>0x2e</size>
         <input_file_ref idref="fl-44"/>
      </object_component>
      <object_component id="oc-140">
         <name>.debug_line</name>
         <load_address>0xc09</load_address>
         <run_address>0xc09</run_address>
         <size>0x5e</size>
         <input_file_ref idref="fl-45"/>
      </object_component>
      <object_component id="oc-145">
         <name>.debug_line</name>
         <load_address>0xc67</load_address>
         <run_address>0xc67</run_address>
         <size>0x4e</size>
         <input_file_ref idref="fl-3"/>
      </object_component>
      <object_component id="oc-14a">
         <name>.debug_line</name>
         <load_address>0xcb5</load_address>
         <run_address>0xcb5</run_address>
         <size>0x2e</size>
         <input_file_ref idref="fl-49"/>
      </object_component>
      <object_component id="oc-14e">
         <name>.debug_line</name>
         <load_address>0xce3</load_address>
         <run_address>0xce3</run_address>
         <size>0x2e</size>
         <input_file_ref idref="fl-49"/>
      </object_component>
      <object_component id="oc-157">
         <name>.debug_line</name>
         <load_address>0xd11</load_address>
         <run_address>0xd11</run_address>
         <size>0x20</size>
         <input_file_ref idref="fl-41"/>
      </object_component>
      <object_component id="oc-15e">
         <name>.debug_line</name>
         <load_address>0xd31</load_address>
         <run_address>0xd31</run_address>
         <size>0x95</size>
         <input_file_ref idref="fl-47"/>
      </object_component>
      <object_component id="oc-164">
         <name>.debug_line</name>
         <load_address>0xdc6</load_address>
         <run_address>0xdc6</run_address>
         <size>0x56</size>
         <input_file_ref idref="fl-47"/>
      </object_component>
      <object_component id="oc-16b">
         <name>.debug_line</name>
         <load_address>0xe1c</load_address>
         <run_address>0xe1c</run_address>
         <size>0x5c</size>
         <input_file_ref idref="fl-2"/>
      </object_component>
      <object_component id="oc-170">
         <name>.debug_line</name>
         <load_address>0xe78</load_address>
         <run_address>0xe78</run_address>
         <size>0x44</size>
         <input_file_ref idref="fl-47"/>
      </object_component>
      <object_component id="oc-173">
         <name>.debug_line</name>
         <load_address>0xebc</load_address>
         <run_address>0xebc</run_address>
         <size>0x52</size>
         <input_file_ref idref="fl-44"/>
      </object_component>
      <object_component id="oc-17e">
         <name>.debug_line</name>
         <load_address>0xf0e</load_address>
         <run_address>0xf0e</run_address>
         <size>0x60</size>
         <input_file_ref idref="fl-4d"/>
      </object_component>
      <object_component id="oc-185">
         <name>.debug_line</name>
         <load_address>0xf6e</load_address>
         <run_address>0xf6e</run_address>
         <size>0x58</size>
         <input_file_ref idref="fl-47"/>
      </object_component>
      <object_component id="oc-18b">
         <name>.debug_line</name>
         <load_address>0xfc6</load_address>
         <run_address>0xfc6</run_address>
         <size>0x46</size>
         <input_file_ref idref="fl-4c"/>
      </object_component>
      <object_component id="oc-190">
         <name>.debug_line</name>
         <load_address>0x100c</load_address>
         <run_address>0x100c</run_address>
         <size>0x52</size>
         <input_file_ref idref="fl-47"/>
      </object_component>
      <object_component id="oc-194">
         <name>.debug_line</name>
         <load_address>0x105e</load_address>
         <run_address>0x105e</run_address>
         <size>0x2e</size>
         <input_file_ref idref="fl-47"/>
      </object_component>
      <object_component id="oc-197">
         <name>.debug_line</name>
         <load_address>0x108c</load_address>
         <run_address>0x108c</run_address>
         <size>0x20</size>
         <input_file_ref idref="fl-45"/>
      </object_component>
      <object_component id="oc-19e">
         <name>.debug_line</name>
         <load_address>0x10ac</load_address>
         <run_address>0x10ac</run_address>
         <size>0x4f</size>
         <input_file_ref idref="fl-47"/>
      </object_component>
      <object_component id="oc-1a4">
         <name>.debug_line</name>
         <load_address>0x10fb</load_address>
         <run_address>0x10fb</run_address>
         <size>0x50</size>
         <input_file_ref idref="fl-47"/>
      </object_component>
      <object_component id="oc-1aa">
         <name>.debug_line</name>
         <load_address>0x114b</load_address>
         <run_address>0x114b</run_address>
         <size>0x20</size>
         <input_file_ref idref="fl-4d"/>
      </object_component>
      <object_component id="oc-1b0">
         <name>.debug_line</name>
         <load_address>0x116b</load_address>
         <run_address>0x116b</run_address>
         <size>0x48</size>
         <input_file_ref idref="fl-47"/>
      </object_component>
      <object_component id="oc-1b3">
         <name>.debug_line</name>
         <load_address>0x11b3</load_address>
         <run_address>0x11b3</run_address>
         <size>0x42</size>
         <input_file_ref idref="fl-4e"/>
      </object_component>
      <object_component id="oc-1b9">
         <name>.debug_line</name>
         <load_address>0x11f5</load_address>
         <run_address>0x11f5</run_address>
         <size>0x20</size>
         <input_file_ref idref="fl-4c"/>
      </object_component>
      <object_component id="oc-1be">
         <name>.debug_line</name>
         <load_address>0x1215</load_address>
         <run_address>0x1215</run_address>
         <size>0x5e</size>
         <input_file_ref idref="fl-4b"/>
      </object_component>
      <object_component id="oc-1c1">
         <name>.debug_line</name>
         <load_address>0x1273</load_address>
         <run_address>0x1273</run_address>
         <size>0x43</size>
         <input_file_ref idref="fl-4a"/>
      </object_component>
      <object_component id="oc-44">
         <name>.debug_aranges</name>
         <load_address>0x0</load_address>
         <run_address>0x0</run_address>
         <size>0x20</size>
         <input_file_ref idref="fl-31"/>
      </object_component>
      <object_component id="oc-48">
         <name>.debug_aranges</name>
         <load_address>0x20</load_address>
         <run_address>0x20</run_address>
         <size>0x20</size>
         <input_file_ref idref="fl-32"/>
      </object_component>
      <object_component id="oc-4d">
         <name>.debug_aranges</name>
         <load_address>0x40</load_address>
         <run_address>0x40</run_address>
         <size>0x20</size>
         <input_file_ref idref="fl-34"/>
      </object_component>
      <object_component id="oc-54">
         <name>.debug_aranges</name>
         <load_address>0x60</load_address>
         <run_address>0x60</run_address>
         <size>0x20</size>
         <input_file_ref idref="fl-33"/>
      </object_component>
      <object_component id="oc-5e">
         <name>.debug_aranges</name>
         <load_address>0x80</load_address>
         <run_address>0x80</run_address>
         <size>0x20</size>
         <input_file_ref idref="fl-40"/>
      </object_component>
      <object_component id="oc-63">
         <name>.debug_aranges</name>
         <load_address>0xa0</load_address>
         <run_address>0xa0</run_address>
         <size>0x20</size>
         <input_file_ref idref="fl-2"/>
      </object_component>
      <object_component id="oc-6d">
         <name>.debug_aranges</name>
         <load_address>0xc0</load_address>
         <run_address>0xc0</run_address>
         <size>0x20</size>
         <input_file_ref idref="fl-3"/>
      </object_component>
[...]
         <name>P3OUT</name>
         <value>0x19</value>
      </symbol>
      <symbol id="sm-2a">
         <name>P3DIR</name>
         <value>0x1a</value>
      </symbol>
      <symbol id="sm-2b">
         <name>P3SEL</name>
         <value>0x1b</value>
      </symbol>
      <symbol id="sm-2c">
         <name>P3SEL2</name>
         <value>0x43</value>
      </symbol>
      <symbol id="sm-2d">
         <name>P3REN</name>
         <value>0x10</value>
      </symbol>
      <symbol id="sm-2e">
         <name>TA0IV</name>
         <value>0x12e</value>
      </symbol>
      <symbol id="sm-2f">
         <name>TA0CTL</name>
         <value>0x160</value>
      </symbol>
      <symbol id="sm-30">
         <name>TA0CCTL0</name>
         <value>0x162</value>
      </symbol>
      <symbol id="sm-31">
         <name>TA0CCTL1</name>
         <value>0x164</value>
      </symbol>
      <symbol id="sm-32">
         <name>TA0CCTL2</name>
         <value>0x166</value>
      </symbol>
      <symbol id="sm-33">
         <name>TA0R</name>
         <value>0x170</value>
      </symbol>
      <symbol id="sm-34">
         <name>TA0CCR0</name>
         <value>0x172</value>
      </symbol>
      <symbol id="sm-35">
         <name>TA0CCR1</name>
         <value>0x174</value>
      </symbol>
      <symbol id="sm-36">
         <name>TA0CCR2</name>
         <value>0x176</value>
      </symbol>
      <symbol id="sm-37">
         <name>TA1IV</name>
         <value>0x11e</value>
      </symbol>
      <symbol id="sm-38">
         <name>TA1CTL</name>
         <value>0x180</value>
      </symbol>
      <symbol id="sm-39">
         <name>TA1CCTL0</name>
         <value>0x182</value>
      </symbol>
      <symbol id="sm-3a">
         <name>TA1CCTL1</name>
         <value>0x184</value>
      </symbol>
      <symbol id="sm-3b">
         <name>TA1CCTL2</name>
         <value>0x186</value>
      </symbol>
      <symbol id="sm-3c">
         <name>TA1R</name>
         <value>0x190</value>
      </symbol>
      <symbol id="sm-3d">
         <name>TA1CCR0</name>
         <value>0x192</value>
      </symbol>
      <symbol id="sm-3e">
         <name>TA1CCR1</name>
         <value>0x194</value>
      </symbol>
      <symbol id="sm-3f">
         <name>TA1CCR2</name>
         <value>0x196</value>
      </symbol>
      <symbol id="sm-40">
         <name>UCA0CTL0</name>
         <value>0x60</value>
      </symbol>
      <symbol id="sm-41">
         <name>UCA0CTL1</name>
         <value>0x61</value>
      </symbol>
      <symbol id="sm-42">
         <name>UCA0BR0</name>
         <value>0x62</value>
      </symbol>
      <symbol id="sm-43">
         <name>UCA0BR1</name>
         <value>0x63</value>
      </symbol>
      <symbol id="sm-44">
         <name>UCA0MCTL</name>
         <value>0x64</value>
      </symbol>
      <symbol id="sm-45">
         <name>UCA0STAT</name>
         <value>0x65</value>
      </symbol>
      <symbol id="sm-46">
         <name>UCA0RXBUF</name>
         <value>0x66</value>
      </symbol>
      <symbol id="sm-47">
         <name>UCA0TXBUF</name>
         <value>0x67</value>
      </symbol>
      <symbol id="sm-48">
         <name>UCA0ABCTL</name>
         <value>0x5d</value>
      </symbol>
      <symbol id="sm-49">
         <name>UCA0IRTCTL</name>
         <value>0x5e</value>
      </symbol>
      <symbol id="sm-4a">
         <name>UCA0IRRCTL</name>
         <value>0x5f</value>
      </symbol>
      <symbol id="sm-4b">
         <name>UCB0CTL0</name>
         <value>0x68</value>
      </symbol>
      <symbol id="sm-4c">
         <name>UCB0CTL1</name>
         <value>0x69</value>
      </symbol>
      <symbol id="sm-4d">
         <name>UCB0BR0</name>
         <value>0x6a</value>
      </symbol>
      <symbol id="sm-4e">
         <name>UCB0BR1</name>
         <value>0x6b</value>
      </symbol>
      <symbol id="sm-4f">
         <name>UCB0I2CIE</name>
         <value>0x6c</value>
      </symbol>
      <symbol id="sm-50">
         <name>UCB0STAT</name>
         <value>0x6d</value>
      </symbol>
      <symbol id="sm-51">
         <name>UCB0RXBUF</name>
         <value>0x6e</value>
      </symbol>
      <symbol id="sm-52">
         <name>UCB0TXBUF</name>
         <value>0x6f</value>
      </symbol>
      <symbol id="sm-53">
         <name>UCB0I2COA</name>
         <value>0x118</value>
      </symbol>
      <symbol id="sm-54">
         <name>UCB0I2CSA</name>
         <value>0x11a</value>
      </symbol>
      <symbol id="sm-55">
         <name>WDTCTL</name>
         <value>0x120</value>
      </symbol>
      <symbol id="sm-56">
         <name>CALDCO_16MHZ</name>
         <value>0x10f8</value>
      </symbol>
      <symbol id="sm-57">
         <name>CALBC1_16MHZ</name>
         <value>0x10f9</value>
      </symbol>
      <symbol id="sm-58">
         <name>CALDCO_12MHZ</name>
         <value>0x10fa</value>
      </symbol>
      <symbol id="sm-59">
         <name>CALBC1_12MHZ</name>
         <value>0x10fb</value>
      </symbol>
      <symbol id="sm-5a">
         <name>CALDCO_8MHZ</name>
         <value>0x10fc</value>
      </symbol>
      <symbol id="sm-5b">
         <name>CALBC1_8MHZ</name>
         <value>0x10fd</value>
      </symbol>
      <symbol id="sm-5c">
         <name>CALDCO_1MHZ</name>
         <value>0x10fe</value>
      </symbol>
      <symbol id="sm-5d">
         <name>CALBC1_1MHZ</name>
         <value>0x10ff</value>
      </symbol>
      <symbol id="sm-5e">
         <name>TLV_CHECKSUM</name>
         <value>0x10c0</value>
      </symbol>
      <symbol id="sm-5f">
         <name>TLV_DCO_30_TAG</name>
         <value>0x10f6</value>
      </symbol>
      <symbol id="sm-60">
         <name>TLV_DCO_30_LEN</name>
         <value>0x10f7</value>
      </symbol>
      <symbol id="sm-61">
         <name>TLV_ADC10_1_TAG</name>
         <value>0x10da</value>
      </symbol>
      <symbol id="sm-62">
         <name>TLV_ADC10_1_LEN</name>
         <value>0x10db</value>
      </symbol>
      <symbol id="sm-63">
         <name>__TI_CINIT_Base</name>
         <value>0xc78c</value>
      </symbol>
      <symbol id="sm-64">
         <name>__TI_CINIT_Limit</name>
         <value>0xc794</value>
      </symbol>
      <symbol id="sm-65">
         <name>__TI_Handler_Table_Base</name>
         <value>0xc782</value>
      </symbol>
      <symbol id="sm-66">
         <name>__TI_Handler_Table_Limit</name>
         <value>0xc788</value>
      </symbol>
      <symbol id="sm-67">
         <name>binit</name>
         <value>0xffffffff</value>
      </symbol>
      <symbol id="sm-68">
         <name>__binit__</name>
         <value>0xffffffff</value>
      </symbol>
      <symbol id="sm-69">
         <name>__STACK_SIZE</name>
         <value>0x50</value>
      </symbol>
      <symbol id="sm-6a">
         <name>__STACK_END</name>
         <value>0x400</value>
      </symbol>
      <symbol id="sm-6b">
         <name>__c_args__</name>
         <value>0xffffffff</value>
      </symbol>
      <symbol id="sm-e2">
         <name>latest_result</name>
         <value>0x218</value>
      </symbol>
      <symbol id="sm-e3">
         <name>conPrintCounter</name>
         <value>0x214</value>
      </symbol>
      <symbol id="sm-e4">
         <name>conPrintSequence</name>
         <value>0x216</value>
      </symbol>
      <symbol id="sm-e5">
         <name>cbuffer</name>
         <value>0x200</value>
      </symbol>
      <symbol id="sm-e6">
         <name>conversion_count</name>
         <value>0x21e</value>
         <object_component_ref idref="oc-c0"/>
      </symbol>
      <symbol id="sm-e7">
         <name>WDT_interval_handler_ptr</name>
         <value>0xfff4</value>
         <object_component_ref idref="oc-39"/>
      </symbol>
      <symbol id="sm-e8">
         <name>adc_handler</name>
         <value>0xc1e0</value>
         <object_component_ref idref="oc-61"/>
      </symbol>
      <symbol id="sm-e9">
         <name>adc_handler_ptr</name>
         <value>0xffea</value>
         <object_component_ref idref="oc-30"/>
      </symbol>
      <symbol id="sm-ea">
         <name>WDT_interval_handler</name>
         <value>0xc714</value>
         <object_component_ref idref="oc-75"/>
      </symbol>
      <symbol id="sm-eb">
         <name>init_wdt_no_interrupt</name>
         <value>0xc70c</value>
         <object_component_ref idref="oc-f5"/>
      </symbol>
      <symbol id="sm-ec">
         <name>init_adc</name>
         <value>0xc67a</value>
         <object_component_ref idref="oc-ef"/>
      </symbol>
      <symbol id="sm-ed">
         <name>main</name>
         <value>0xc248</value>
         <object_component_ref idref="oc-89"/>
      </symbol>
      <symbol id="sm-ee">
         <name>conPrint</name>
         <value>0x222</value>
         <object_component_ref idref="oc-c0"/>
      </symbol>
      <symbol id="sm-ef">
         <name>__TI_int05</name>
         <value>0xffea</value>
         <object_component_ref idref="oc-30"/>
      </symbol>
      <symbol id="sm-f0">
         <name>__TI_int10</name>
         <value>0xfff4</value>
         <object_component_ref idref="oc-39"/>
      </symbol>
      <symbol id="sm-125">
         <name>tx_next_character</name>
         <value>0x21c</value>
      </symbol>
      <symbol id="sm-126">
         <name>tx_count</name>
         <value>0x21a</value>
      </symbol>
      <symbol id="sm-127">
         <name>u_print_string</name>
         <value>0xc5ca</value>
         <object_component_ref idref="oc-103"/>
      </symbol>
      <symbol id="sm-128">
         <name>init_USCI_UART</name>
         <value>0xc586</value>
         <object_component_ref idref="oc-fb"/>
      </symbol>
      <symbol id="sm-129">
         <name>tx_handler_ptr</name>
         <value>0xffec</value>
         <object_component_ref idref="oc-33"/>
      </symbol>
      <symbol id="sm-12a">
         <name>tx_start</name>
         <value>0xc61e</value>
         <object_component_ref idref="oc-141"/>
      </symbol>
      <symbol id="sm-12b">
         <name>tx_handler</name>
         <value>0xc55e</value>
         <object_component_ref idref="oc-6b"/>
      </symbol>
      <symbol id="sm-12c">
         <name>tx_start_string</name>
         <value>0xc6b6</value>
         <object_component_ref idref="oc-d1"/>
      </symbol>
      <symbol id="sm-12d">
         <name>__TI_int06</name>
         <value>0xffec</value>
         <object_component_ref idref="oc-33"/>
      </symbol>
      <symbol id="sm-13d">
         <name>_c_int00_noexit</name>
         <value>0xc604</value>
         <object_component_ref idref="oc-40"/>
      </symbol>
      <symbol id="sm-13e">
         <name>_c_int00</name>
         <value>0xc604</value>
         <object_component_ref idref="oc-40"/>
      </symbol>
      <symbol id="sm-13f">
         <name>_stack</name>
         <value>0x3b0</value>
         <object_component_ref idref="oc-58"/>
      </symbol>
      <symbol id="sm-140">
         <name>_reset_vector</name>
         <value>0xfffe</value>
         <object_component_ref idref="oc-5b"/>
      </symbol>
      <symbol id="sm-156">
         <name>__TI_decompress_none</name>
         <value>0xc6ca</value>
         <object_component_ref idref="oc-46"/>
      </symbol>
      <symbol id="sm-178">
         <name>__TI_decompress_rle24</name>
         <value>0xc720</value>
         <object_component_ref idref="oc-52"/>
      </symbol>
      <symbol id="sm-18b">
         <name>__TI_zero_init</name>
         <value>0xc666</value>
         <object_component_ref idref="oc-4c"/>
      </symbol>
      <symbol id="sm-194">
         <name>__mspabi_func_epilog_2</name>
         <value>0xc6f8</value>
         <object_component_ref idref="oc-e8"/>
      </symbol>
      <symbol id="sm-195">
         <name>__mspabi_func_epilog_3</name>
         <value>0xc6f6</value>
         <object_component_ref idref="oc-e8"/>
      </symbol>
      <symbol id="sm-196">
         <name>__mspabi_func_epilog_1</name>
         <value>0xc6fa</value>
         <object_component_ref idref="oc-e8"/>
      </symbol>
      <symbol id="sm-197">
         <name>__mspabi_func_epilog_6</name>
         <value>0xc6f0</value>
         <object_component_ref idref="oc-e8"/>
      </symbol>
      <symbol id="sm-198">
         <name>__mspabi_func_epilog_7</name>
         <value>0xc6ee</value>
         <object_component_ref idref="oc-e8"/>
      </symbol>
      <symbol id="sm-199">
         <name>__mspabi_func_epilog_4</name>
         <value>0xc6f4</value>
         <object_component_ref idref="oc-e8"/>
      </symbol>
      <symbol id="sm-19a">
         <name>__mspabi_func_epilog_5</name>
         <value>0xc6f2</value>
         <object_component_ref idref="oc-e8"/>
      </symbol>
      <symbol id="sm-1a4">
         <name>C$$EXIT</name>
         <value>0xc72a</value>
         <object_component_ref idref="oc-8f"/>
      </symbol>
      <symbol id="sm-1a5">
         <name>abort</name>
         <value>0xc72a</value>
         <object_component_ref idref="oc-8f"/>
      </symbol>
      <symbol id="sm-1a8">
         <name>__TI_int02</name>
         <value>0xffe4</value>
         <object_component_ref idref="oc-2e"/>
      </symbol>
      <symbol id="sm-1ab">
         <name>__TI_int03</name>
         <value>0xffe6</value>
         <object_component_ref idref="oc-2f"/>
      </symbol>
      <symbol id="sm-1ae">
         <name>__TI_int07</name>
         <value>0xffee</value>
         <object_component_ref idref="oc-36"/>
      </symbol>
      <symbol id="sm-1b1">
         <name>__TI_int08</name>
         <value>0xfff0</value>
         <object_component_ref idref="oc-37"/>
      </symbol>
      <symbol id="sm-1b4">
         <name>__TI_int09</name>
         <value>0xfff2</value>
         <object_component_ref idref="oc-38"/>
      </symbol>
      <symbol id="sm-1b7">
         <name>__TI_int11</name>
         <value>0xfff6</value>
         <object_component_ref idref="oc-3c"/>
      </symbol>
      <symbol id="sm-1ba">
         <name>__TI_int12</name>
         <value>0xfff8</value>
         <object_component_ref idref="oc-3d"/>
      </symbol>
      <symbol id="sm-1bd">
         <name>__TI_int13</name>
         <value>0xfffa</value>
         <object_component_ref idref="oc-3e"/>
      </symbol>
      <symbol id="sm-1c0">
         <name>__TI_int14</name>
         <value>0xfffc</value>
         <object_component_ref idref="oc-3f"/>
      </symbol>
      <symbol id="sm-1c8">
         <name>__TI_ISR_TRAP</name>
         <value>0xc71a</value>
         <object_component_ref idref="oc-5c"/>
      </symbol>
      <symbol id="sm-1d6">
         <name>memcpy</name>
         <value>0xc6dc</value>
         <object_component_ref idref="oc-96"/>
      </symbol>
      <symbol id="sm-1e0">
         <name>_system_pre_init</name>
         <value>0xc726</value>
         <object_component_ref idref="oc-7d"/>
      </symbol>
      <symbol id="sm-20c">
         <name>snprintf</name>
         <value>0xc3c2</value>
         <object_component_ref idref="oc-ca"/>
      </symbol>
      <symbol id="sm-219">
         <name>strlen</name>
         <value>0xc6fe</value>
         <object_component_ref idref="oc-13b"/>
      </symbol>
      <symbol id="sm-281">
         <name>__TI_printfi_minimal</name>
         <value>0xc116</value>
         <object_component_ref idref="oc-129"/>
      </symbol>
      <symbol id="sm-298">
         <name>_auto_init</name>
         <value>0xc30e</value>
         <object_component_ref idref="oc-83"/>
      </symbol>
      <symbol id="sm-2a2">
         <name>__mspabi_remu</name>
         <value>0xc650</value>
         <object_component_ref idref="oc-1bf"/>
      </symbol>
      <symbol id="sm-2a3">
         <name>__mspabi_divu</name>
         <value>0xc650</value>
         <object_component_ref idref="oc-1bf"/>
      </symbol>
      <symbol id="sm-2ab">
         <name>__mspabi_srli_8</name>
         <value>0xc490</value>
         <object_component_ref idref="oc-1ba"/>
      </symbol>
      <symbol id="sm-2ac">
         <name>__mspabi_srli_9</name>
         <value>0xc48c</value>
         <object_component_ref idref="oc-1ba"/>
      </symbol>
      <symbol id="sm-2ad">
         <name>__mspabi_srli_6</name>
         <value>0xc498</value>
         <object_component_ref idref="oc-1ba"/>
      </symbol>
      <symbol id="sm-2ae">
         <name>__mspabi_srli_7</name>
         <value>0xc494</value>
         <object_component_ref idref="oc-1ba"/>
      </symbol>
      <symbol id="sm-2af">
         <name>__mspabi_srli_4</name>
         <value>0xc4a0</value>
         <object_component_ref idref="oc-1ba"/>
      </symbol>
      <symbol id="sm-2b0">
         <name>__mspabi_srli_5</name>
         <value>0xc49c</value>
         <object_component_ref idref="oc-1ba"/>
      </symbol>
      <symbol id="sm-2b1">
         <name>__mspabi_srli_2</name>
         <value>0xc4a8</value>
         <object_component_ref idref="oc-1ba"/>
      </symbol>
      <symbol id="sm-2b2">
         <name>__mspabi_srli_3</name>
         <value>0xc4a4</value>
         <object_component_ref idref="oc-1ba"/>
      </symbol>
      <symbol id="sm-2b3">
         <name>__mspabi_srli_1</name>
         <value>0xc4ac</value>
         <object_component_ref idref="oc-1ba"/>
      </symbol>
      <symbol id="sm-2b4">
         <name>__mspabi_srli</name>
         <value>0xc466</value>
         <object_component_ref idref="oc-1ba"/>
      </symbol>
      <symbol id="sm-2b5">
         <name>__mspabi_srli_15</name>
         <value>0xc474</value>
         <object_component_ref idref="oc-1ba"/>
      </symbol>
      <symbol id="sm-2b6">
         <name>__mspabi_srli_14</name>
         <value>0xc478</value>
         <object_component_ref idref="oc-1ba"/>
      </symbol>
      <symbol id="sm-2b7">
         <name>__mspabi_srli_13</name>
         <value>0xc47c</value>
         <object_component_ref idref="oc-1ba"/>
      </symbol>
      <symbol id="sm-2b8">
         <name>__mspabi_srli_12</name>
         <value>0xc480</value>
         <object_component_ref idref="oc-1ba"/>
      </symbol>
      <symbol id="sm-2b9">
         <name>__mspabi_srli_11</name>
         <value>0xc484</value>
         <object_component_ref idref="oc-1ba"/>
      </symbol>
      <symbol id="sm-2ba">
         <name>__mspabi_srli_10</name>
         <value>0xc488</value>
         <object_component_ref idref="oc-1ba"/>
      </symbol>
      <symbol id="sm-2c9">
         <name>memccpy</name>
         <value>0xc5e8</value>
         <object_component_ref idref="oc-187"/>
      </symbol>
      <symbol id="sm-2d7">
         <name>memset</name>
         <value>0xc68e</value>
         <object_component_ref idref="oc-17a"/>
      </symbol>
      <symbol id="sm-2e1">
         <name>__mspabi_mpyi</name>
         <value>0xc6a2</value>
         <object_component_ref idref="oc-1b2"/>
      </symbol>
      <symbol id="sm-2e2">
         <name>__TI_exit</name>
         <value>0x1</value>
      </symbol>
      <symbol id="sm-2e3">
         <name>__TI_args_main</name>
         <value>0x1</value>
      </symbol>
      <symbol id="sm-2e4">
         <name>__TI_INITARRAY_Base</name>
         <value>0x0</value>
      </symbol>
      <symbol id="sm-2e5">
         <name>__TI_INITARRAY_Limit</name>
         <value>0x0</value>
      </symbol>
   </symbol_table>
   <title>Link successful</title>
</link_info>
